<?xml version="1.0"?>
<link_info>
   <banner>MSP430 Linker PC v4.4.3</banner>
   <copyright>Copyright (c) 2003-2015 Texas Instruments Incorporated</copyright>
   <link_time>0x5d3ebb3e</link_time>
   <link_errors>0x0</link_errors>
   <output_file>CarControl.out</output_file>
   <entry_point>
      <name>_c_int00_noargs_noexit</name>
      <address>0x4612</address>
   </entry_point>
   <input_file_list>
      <input_file id="fl-2">
         <path>.\</path>
         <kind>object</kind>
         <file>main.obj</file>
         <name>main.obj</name>
      </input_file>
      <input_file id="fl-3">
         <path>.\src\</path>
         <kind>object</kind>
         <file>CompositeChars.obj</file>
         <name>CompositeChars.obj</name>
      </input_file>
      <input_file id="fl-4">
         <path>.\src\</path>
         <kind>object</kind>
         <file>HCSR04.obj</file>
         <name>HCSR04.obj</name>
      </input_file>
      <input_file id="fl-5">
         <path>.\src\</path>
         <kind>object</kind>
         <file>Metal.obj</file>
         <name>Metal.obj</name>
      </input_file>
      <input_file id="fl-6">
         <path>.\src\</path>
         <kind>object</kind>
         <file>SpeedCatch.obj</file>
         <name>SpeedCatch.obj</name>
      </input_file>
      <input_file id="fl-7">
         <path>.\src\</path>
         <kind>object</kind>
         <file>blacksearch.obj</file>
         <name>blacksearch.obj</name>
      </input_file>
      <input_file id="fl-8">
         <path>.\src\</path>
         <kind>object</kind>
         <file>key.obj</file>
         <name>key.obj</name>
      </input_file>
      <input_file id="fl-9">
         <path>.\src\</path>
         <kind>object</kind>
         <file>lcd.obj</file>
         <name>lcd.obj</name>
      </input_file>
      <input_file id="fl-a">
         <path>.\src\</path>
         <kind>object</kind>
         <file>led.obj</file>
         <name>led.obj</name>
      </input_file>
      <input_file id="fl-b">
         <path>.\src\</path>
         <kind>object</kind>
         <file>motor.obj</file>
         <name>motor.obj</name>
      </input_file>
      <input_file id="fl-c">
         <path>.\src\</path>
         <kind>object</kind>
         <file>my_ADC.obj</file>
         <name>my_ADC.obj</name>
      </input_file>
      <input_file id="fl-d">
         <path>.\src\</path>
         <kind>object</kind>
         <file>sysclock.obj</file>
         <name>sysclock.obj</name>
      </input_file>
      <input_file id="fl-42">
         <path>D:\CCS6.1.0.00104_win32\CCS\ccsv6\tools\compiler\ti-cgt-msp430_4.4.3\lib\</path>
         <kind>archive</kind>
         <file>rts430x_lc_rd_eabi.lib</file>
         <name>abs.obj</name>
      </input_file>
      <input_file id="fl-43">
         <path>D:\CCS6.1.0.00104_win32\CCS\ccsv6\tools\compiler\ti-cgt-msp430_4.4.3\lib\</path>
         <kind>archive</kind>
         <file>rts430x_lc_rd_eabi.lib</file>
         <name>addd.obj</name>
      </input_file>
      <input_file id="fl-44">
         <path>D:\CCS6.1.0.00104_win32\CCS\ccsv6\tools\compiler\ti-cgt-msp430_4.4.3\lib\</path>
         <kind>archive</kind>
         <file>rts430x_lc_rd_eabi.lib</file>
         <name>asr16.obj</name>
      </input_file>
      <input_file id="fl-45">
         <path>D:\CCS6.1.0.00104_win32\CCS\ccsv6\tools\compiler\ti-cgt-msp430_4.4.3\lib\</path>
         <kind>archive</kind>
         <file>rts430x_lc_rd_eabi.lib</file>
         <name>boot.obj</name>
      </input_file>
      <input_file id="fl-46">
         <path>D:\CCS6.1.0.00104_win32\CCS\ccsv6\tools\compiler\ti-cgt-msp430_4.4.3\lib\</path>
         <kind>archive</kind>
         <file>rts430x_lc_rd_eabi.lib</file>
         <name>boot_special.obj</name>
      </input_file>
      <input_file id="fl-47">
         <path>D:\CCS6.1.0.00104_win32\CCS\ccsv6\tools\compiler\ti-cgt-msp430_4.4.3\lib\</path>
         <kind>archive</kind>
         <file>rts430x_lc_rd_eabi.lib</file>
         <name>copy_decompress_none.obj</name>
      </input_file>
      <input_file id="fl-48">
         <path>D:\CCS6.1.0.00104_win32\CCS\ccsv6\tools\compiler\ti-cgt-msp430_4.4.3\lib\</path>
         <kind>archive</kind>
         <file>rts430x_lc_rd_eabi.lib</file>
         <name>copy_decompress_rle.obj</name>
      </input_file>
      <input_file id="fl-49">
         <path>D:\CCS6.1.0.00104_win32\CCS\ccsv6\tools\compiler\ti-cgt-msp430_4.4.3\lib\</path>
         <kind>archive</kind>
         <file>rts430x_lc_rd_eabi.lib</file>
         <name>copy_zero_init.obj</name>
      </input_file>
      <input_file id="fl-4a">
         <path>D:\CCS6.1.0.00104_win32\CCS\ccsv6\tools\compiler\ti-cgt-msp430_4.4.3\lib\</path>
         <kind>archive</kind>
         <file>rts430x_lc_rd_eabi.lib</file>
         <name>cvtdf.obj</name>
      </input_file>
      <input_file id="fl-4b">
         <path>D:\CCS6.1.0.00104_win32\CCS\ccsv6\tools\compiler\ti-cgt-msp430_4.4.3\lib\</path>
         <kind>archive</kind>
         <file>rts430x_lc_rd_eabi.lib</file>
         <name>div16s.obj</name>
      </input_file>
      <input_file id="fl-4c">
         <path>D:\CCS6.1.0.00104_win32\CCS\ccsv6\tools\compiler\ti-cgt-msp430_4.4.3\lib\</path>
         <kind>archive</kind>
         <file>rts430x_lc_rd_eabi.lib</file>
         <name>div16u.obj</name>
      </input_file>
      <input_file id="fl-4d">
         <path>D:\CCS6.1.0.00104_win32\CCS\ccsv6\tools\compiler\ti-cgt-msp430_4.4.3\lib\</path>
         <kind>archive</kind>
         <file>rts430x_lc_rd_eabi.lib</file>
         <name>div32s.obj</name>
      </input_file>
      <input_file id="fl-4e">
         <path>D:\CCS6.1.0.00104_win32\CCS\ccsv6\tools\compiler\ti-cgt-msp430_4.4.3\lib\</path>
         <kind>archive</kind>
         <file>rts430x_lc_rd_eabi.lib</file>
         <name>div32u.obj</name>
      </input_file>
      <input_file id="fl-4f">
         <path>D:\CCS6.1.0.00104_win32\CCS\ccsv6\tools\compiler\ti-cgt-msp430_4.4.3\lib\</path>
         <kind>archive</kind>
         <file>rts430x_lc_rd_eabi.lib</file>
         <name>divd.obj</name>
      </input_file>
      <input_file id="fl-50">
         <path>D:\CCS6.1.0.00104_win32\CCS\ccsv6\tools\compiler\ti-cgt-msp430_4.4.3\lib\</path>
         <kind>archive</kind>
         <file>rts430x_lc_rd_eabi.lib</file>
         <name>exit.obj</name>
      </input_file>
      <input_file id="fl-51">
         <path>D:\CCS6.1.0.00104_win32\CCS\ccsv6\tools\compiler\ti-cgt-msp430_4.4.3\lib\</path>
         <kind>archive</kind>
         <file>rts430x_lc_rd_eabi.lib</file>
         <name>fixdi.obj</name>
      </input_file>
      <input_file id="fl-52">
         <path>D:\CCS6.1.0.00104_win32\CCS\ccsv6\tools\compiler\ti-cgt-msp430_4.4.3\lib\</path>
         <kind>archive</kind>
         <file>rts430x_lc_rd_eabi.lib</file>
         <name>fixdli.obj</name>
      </input_file>
      <input_file id="fl-53">
         <path>D:\CCS6.1.0.00104_win32\CCS\ccsv6\tools\compiler\ti-cgt-msp430_4.4.3\lib\</path>
         <kind>archive</kind>
         <file>rts430x_lc_rd_eabi.lib</file>
         <name>fltid.obj</name>
      </input_file>
      <input_file id="fl-54">
         <path>D:\CCS6.1.0.00104_win32\CCS\ccsv6\tools\compiler\ti-cgt-msp430_4.4.3\lib\</path>
         <kind>archive</kind>
         <file>rts430x_lc_rd_eabi.lib</file>
         <name>fltlid.obj</name>
      </input_file>
      <input_file id="fl-55">
         <path>D:\CCS6.1.0.00104_win32\CCS\ccsv6\tools\compiler\ti-cgt-msp430_4.4.3\lib\</path>
         <kind>archive</kind>
         <file>rts430x_lc_rd_eabi.lib</file>
         <name>frcaddd.obj</name>
      </input_file>
      <input_file id="fl-56">
         <path>D:\CCS6.1.0.00104_win32\CCS\ccsv6\tools\compiler\ti-cgt-msp430_4.4.3\lib\</path>
         <kind>archive</kind>
         <file>rts430x_lc_rd_eabi.lib</file>
         <name>frcdivd.obj</name>
      </input_file>
      <input_file id="fl-57">
         <path>D:\CCS6.1.0.00104_win32\CCS\ccsv6\tools\compiler\ti-cgt-msp430_4.4.3\lib\</path>
         <kind>archive</kind>
         <file>rts430x_lc_rd_eabi.lib</file>
         <name>fs_add.obj</name>
      </input_file>
      <input_file id="fl-58">
         <path>D:\CCS6.1.0.00104_win32\CCS\ccsv6\tools\compiler\ti-cgt-msp430_4.4.3\lib\</path>
         <kind>archive</kind>
         <file>rts430x_lc_rd_eabi.lib</file>
         <name>fs_cmp.obj</name>
      </input_file>
      <input_file id="fl-59">
         <path>D:\CCS6.1.0.00104_win32\CCS\ccsv6\tools\compiler\ti-cgt-msp430_4.4.3\lib\</path>
         <kind>archive</kind>
         <file>rts430x_lc_rd_eabi.lib</file>
         <name>fs_div.obj</name>
      </input_file>
      <input_file id="fl-5a">
         <path>D:\CCS6.1.0.00104_win32\CCS\ccsv6\tools\compiler\ti-cgt-msp430_4.4.3\lib\</path>
         <kind>archive</kind>
         <file>rts430x_lc_rd_eabi.lib</file>
         <name>fs_itof.obj</name>
      </input_file>
      <input_file id="fl-5b">
         <path>D:\CCS6.1.0.00104_win32\CCS\ccsv6\tools\compiler\ti-cgt-msp430_4.4.3\lib\</path>
         <kind>archive</kind>
         <file>rts430x_lc_rd_eabi.lib</file>
         <name>fs_mpy.obj</name>
      </input_file>
      <input_file id="fl-5c">
         <path>D:\CCS6.1.0.00104_win32\CCS\ccsv6\tools\compiler\ti-cgt-msp430_4.4.3\lib\</path>
         <kind>archive</kind>
         <file>rts430x_lc_rd_eabi.lib</file>
         <name>fs_neg.obj</name>
      </input_file>
      <input_file id="fl-5d">
         <path>D:\CCS6.1.0.00104_win32\CCS\ccsv6\tools\compiler\ti-cgt-msp430_4.4.3\lib\</path>
         <kind>archive</kind>
         <file>rts430x_lc_rd_eabi.lib</file>
         <name>fs_toi.obj</name>
      </input_file>
      <input_file id="fl-5e">
         <path>D:\CCS6.1.0.00104_win32\CCS\ccsv6\tools\compiler\ti-cgt-msp430_4.4.3\lib\</path>
         <kind>archive</kind>
         <file>rts430x_lc_rd_eabi.lib</file>
         <name>fs_utof.obj</name>
      </input_file>
      <input_file id="fl-5f">
         <path>D:\CCS6.1.0.00104_win32\CCS\ccsv6\tools\compiler\ti-cgt-msp430_4.4.3\lib\</path>
         <kind>archive</kind>
         <file>rts430x_lc_rd_eabi.lib</file>
         <name>int41.obj</name>
      </input_file>
      <input_file id="fl-60">
         <path>D:\CCS6.1.0.00104_win32\CCS\ccsv6\tools\compiler\ti-cgt-msp430_4.4.3\lib\</path>
         <kind>archive</kind>
         <file>rts430x_lc_rd_eabi.lib</file>
         <name>int42.obj</name>
      </input_file>
      <input_file id="fl-61">
         <path>D:\CCS6.1.0.00104_win32\CCS\ccsv6\tools\compiler\ti-cgt-msp430_4.4.3\lib\</path>
         <kind>archive</kind>
         <file>rts430x_lc_rd_eabi.lib</file>
         <name>int44.obj</name>
      </input_file>
      <input_file id="fl-62">
         <path>D:\CCS6.1.0.00104_win32\CCS\ccsv6\tools\compiler\ti-cgt-msp430_4.4.3\lib\</path>
         <kind>archive</kind>
         <file>rts430x_lc_rd_eabi.lib</file>
         <name>int45.obj</name>
      </input_file>
      <input_file id="fl-63">
         <path>D:\CCS6.1.0.00104_win32\CCS\ccsv6\tools\compiler\ti-cgt-msp430_4.4.3\lib\</path>
         <kind>archive</kind>
         <file>rts430x_lc_rd_eabi.lib</file>
         <name>int46.obj</name>
      </input_file>
      <input_file id="fl-64">
         <path>D:\CCS6.1.0.00104_win32\CCS\ccsv6\tools\compiler\ti-cgt-msp430_4.4.3\lib\</path>
         <kind>archive</kind>
         <file>rts430x_lc_rd_eabi.lib</file>
         <name>int47.obj</name>
      </input_file>
      <input_file id="fl-65">
         <path>D:\CCS6.1.0.00104_win32\CCS\ccsv6\tools\compiler\ti-cgt-msp430_4.4.3\lib\</path>
         <kind>archive</kind>
         <file>rts430x_lc_rd_eabi.lib</file>
         <name>int49.obj</name>
      </input_file>
      <input_file id="fl-66">
         <path>D:\CCS6.1.0.00104_win32\CCS\ccsv6\tools\compiler\ti-cgt-msp430_4.4.3\lib\</path>
         <kind>archive</kind>
         <file>rts430x_lc_rd_eabi.lib</file>
         <name>int50.obj</name>
      </input_file>
      <input_file id="fl-67">
         <path>D:\CCS6.1.0.00104_win32\CCS\ccsv6\tools\compiler\ti-cgt-msp430_4.4.3\lib\</path>
         <kind>archive</kind>
         <file>rts430x_lc_rd_eabi.lib</file>
         <name>int51.obj</name>
      </input_file>
      <input_file id="fl-68">
         <path>D:\CCS6.1.0.00104_win32\CCS\ccsv6\tools\compiler\ti-cgt-msp430_4.4.3\lib\</path>
         <kind>archive</kind>
         <file>rts430x_lc_rd_eabi.lib</file>
         <name>int53.obj</name>
      </input_file>
      <input_file id="fl-69">
         <path>D:\CCS6.1.0.00104_win32\CCS\ccsv6\tools\compiler\ti-cgt-msp430_4.4.3\lib\</path>
         <kind>archive</kind>
         <file>rts430x_lc_rd_eabi.lib</file>
         <name>int55.obj</name>
      </input_file>
      <input_file id="fl-6a">
         <path>D:\CCS6.1.0.00104_win32\CCS\ccsv6\tools\compiler\ti-cgt-msp430_4.4.3\lib\</path>
         <kind>archive</kind>
         <file>rts430x_lc_rd_eabi.lib</file>
         <name>int56.obj</name>
      </input_file>
      <input_file id="fl-6b">
         <path>D:\CCS6.1.0.00104_win32\CCS\ccsv6\tools\compiler\ti-cgt-msp430_4.4.3\lib\</path>
         <kind>archive</kind>
         <file>rts430x_lc_rd_eabi.lib</file>
         <name>int57.obj</name>
      </input_file>
      <input_file id="fl-6c">
         <path>D:\CCS6.1.0.00104_win32\CCS\ccsv6\tools\compiler\ti-cgt-msp430_4.4.3\lib\</path>
         <kind>archive</kind>
         <file>rts430x_lc_rd_eabi.lib</file>
         <name>int59.obj</name>
      </input_file>
      <input_file id="fl-6d">
         <path>D:\CCS6.1.0.00104_win32\CCS\ccsv6\tools\compiler\ti-cgt-msp430_4.4.3\lib\</path>
         <kind>archive</kind>
         <file>rts430x_lc_rd_eabi.lib</file>
         <name>int60.obj</name>
      </input_file>
      <input_file id="fl-6e">
         <path>D:\CCS6.1.0.00104_win32\CCS\ccsv6\tools\compiler\ti-cgt-msp430_4.4.3\lib\</path>
         <kind>archive</kind>
         <file>rts430x_lc_rd_eabi.lib</file>
         <name>int61.obj</name>
      </input_file>
      <input_file id="fl-6f">
         <path>D:\CCS6.1.0.00104_win32\CCS\ccsv6\tools\compiler\ti-cgt-msp430_4.4.3\lib\</path>
         <kind>archive</kind>
         <file>rts430x_lc_rd_eabi.lib</file>
         <name>int62.obj</name>
      </input_file>
      <input_file id="fl-70">
         <path>D:\CCS6.1.0.00104_win32\CCS\ccsv6\tools\compiler\ti-cgt-msp430_4.4.3\lib\</path>
         <kind>archive</kind>
         <file>rts430x_lc_rd_eabi.lib</file>
         <name>isr_trap.obj</name>
      </input_file>
      <input_file id="fl-71">
         <path>D:\CCS6.1.0.00104_win32\CCS\ccsv6\tools\compiler\ti-cgt-msp430_4.4.3\lib\</path>
         <kind>archive</kind>
         <file>rts430x_lc_rd_eabi.lib</file>
         <name>lsl32.obj</name>
      </input_file>
      <input_file id="fl-72">
         <path>D:\CCS6.1.0.00104_win32\CCS\ccsv6\tools\compiler\ti-cgt-msp430_4.4.3\lib\</path>
         <kind>archive</kind>
         <file>rts430x_lc_rd_eabi.lib</file>
         <name>lsr32.obj</name>
      </input_file>
      <input_file id="fl-73">
         <path>D:\CCS6.1.0.00104_win32\CCS\ccsv6\tools\compiler\ti-cgt-msp430_4.4.3\lib\</path>
         <kind>archive</kind>
         <file>rts430x_lc_rd_eabi.lib</file>
         <name>memcpy.obj</name>
      </input_file>
      <input_file id="fl-74">
         <path>D:\CCS6.1.0.00104_win32\CCS\ccsv6\tools\compiler\ti-cgt-msp430_4.4.3\lib\</path>
         <kind>archive</kind>
         <file>rts430x_lc_rd_eabi.lib</file>
         <name>mpu_init.obj</name>
      </input_file>
      <input_file id="fl-75">
         <path>D:\CCS6.1.0.00104_win32\CCS\ccsv6\tools\compiler\ti-cgt-msp430_4.4.3\lib\</path>
         <kind>archive</kind>
         <file>rts430x_lc_rd_eabi.lib</file>
         <name>mpyd.obj</name>
      </input_file>
      <input_file id="fl-76">
         <path>D:\CCS6.1.0.00104_win32\CCS\ccsv6\tools\compiler\ti-cgt-msp430_4.4.3\lib\</path>
         <kind>archive</kind>
         <file>rts430x_lc_rd_eabi.lib</file>
         <name>mult16.obj</name>
      </input_file>
      <input_file id="fl-77">
         <path>D:\CCS6.1.0.00104_win32\CCS\ccsv6\tools\compiler\ti-cgt-msp430_4.4.3\lib\</path>
         <kind>archive</kind>
         <file>rts430x_lc_rd_eabi.lib</file>
         <name>mult1632_f5hw.obj</name>
      </input_file>
      <input_file id="fl-78">
         <path>D:\CCS6.1.0.00104_win32\CCS\ccsv6\tools\compiler\ti-cgt-msp430_4.4.3\lib\</path>
         <kind>archive</kind>
         <file>rts430x_lc_rd_eabi.lib</file>
         <name>mult16_f5hw.obj</name>
      </input_file>
      <input_file id="fl-79">
         <path>D:\CCS6.1.0.00104_win32\CCS\ccsv6\tools\compiler\ti-cgt-msp430_4.4.3\lib\</path>
         <kind>archive</kind>
         <file>rts430x_lc_rd_eabi.lib</file>
         <name>mult32.obj</name>
      </input_file>
      <input_file id="fl-7a">
         <path>D:\CCS6.1.0.00104_win32\CCS\ccsv6\tools\compiler\ti-cgt-msp430_4.4.3\lib\</path>
         <kind>archive</kind>
         <file>rts430x_lc_rd_eabi.lib</file>
         <name>mult3264_f5hw.obj</name>
      </input_file>
      <input_file id="fl-7b">
         <path>D:\CCS6.1.0.00104_win32\CCS\ccsv6\tools\compiler\ti-cgt-msp430_4.4.3\lib\</path>
         <kind>archive</kind>
         <file>rts430x_lc_rd_eabi.lib</file>
         <name>mult32_f5hw.obj</name>
      </input_file>
      <input_file id="fl-7c">
         <path>D:\CCS6.1.0.00104_win32\CCS\ccsv6\tools\compiler\ti-cgt-msp430_4.4.3\lib\</path>
         <kind>archive</kind>
         <file>rts430x_lc_rd_eabi.lib</file>
         <name>mult64_f5hw.obj</name>
      </input_file>
      <input_file id="fl-7d">
         <path>D:\CCS6.1.0.00104_win32\CCS\ccsv6\tools\compiler\ti-cgt-msp430_4.4.3\lib\</path>
         <kind>archive</kind>
         <file>rts430x_lc_rd_eabi.lib</file>
         <name>pre_init.obj</name>
      </input_file>
      <input_file id="fl-7e">
         <path>D:\CCS6.1.0.00104_win32\CCS\ccsv6\tools\compiler\ti-cgt-msp430_4.4.3\lib\</path>
         <kind>archive</kind>
         <file>rts430x_lc_rd_eabi.lib</file>
         <name>renormd.obj</name>
      </input_file>
      <input_file id="fl-7f">
         <path>D:\CCS6.1.0.00104_win32\CCS\ccsv6\tools\compiler\ti-cgt-msp430_4.4.3\lib\</path>
         <kind>archive</kind>
         <file>rts430x_lc_rd_eabi.lib</file>
         <name>sprintf.obj</name>
      </input_file>
      <input_file id="fl-80">
         <path>D:\CCS6.1.0.00104_win32\CCS\ccsv6\tools\compiler\ti-cgt-msp430_4.4.3\lib\</path>
         <kind>archive</kind>
         <file>rts430x_lc_rd_eabi.lib</file>
         <name>strlen.obj</name>
      </input_file>
      <input_file id="fl-81">
         <path>D:\CCS6.1.0.00104_win32\CCS\ccsv6\tools\compiler\ti-cgt-msp430_4.4.3\lib\</path>
         <kind>archive</kind>
         <file>rts430x_lc_rd_eabi.lib</file>
         <name>_lock.obj</name>
      </input_file>
      <input_file id="fl-82">
         <path>D:\CCS6.1.0.00104_win32\CCS\ccsv6\tools\compiler\ti-cgt-msp430_4.4.3\lib\</path>
         <kind>archive</kind>
         <file>rts430x_lc_rd_eabi.lib</file>
         <name>_printfi_min.obj</name>
      </input_file>
      <input_file id="fl-83">
         <path>D:\CCS6.1.0.00104_win32\CCS\ccsv6\tools\compiler\ti-cgt-msp430_4.4.3\lib\</path>
         <kind>archive</kind>
         <file>rts430x_lc_rd_eabi.lib</file>
         <name>args_main.obj</name>
      </input_file>
      <input_file id="fl-84">
         <path>D:\CCS6.1.0.00104_win32\CCS\ccsv6\tools\compiler\ti-cgt-msp430_4.4.3\lib\</path>
         <kind>archive</kind>
         <file>rts430x_lc_rd_eabi.lib</file>
         <name>asr32.obj</name>
      </input_file>
      <input_file id="fl-85">
         <path>D:\CCS6.1.0.00104_win32\CCS\ccsv6\tools\compiler\ti-cgt-msp430_4.4.3\lib\</path>
         <kind>archive</kind>
         <file>rts430x_lc_rd_eabi.lib</file>
         <name>autoinit_wdt.obj</name>
      </input_file>
      <input_file id="fl-86">
         <path>D:\CCS6.1.0.00104_win32\CCS\ccsv6\tools\compiler\ti-cgt-msp430_4.4.3\lib\</path>
         <kind>archive</kind>
         <file>rts430x_lc_rd_eabi.lib</file>
         <name>frcmpyd.obj</name>
      </input_file>
      <input_file id="fl-87">
         <path>D:\CCS6.1.0.00104_win32\CCS\ccsv6\tools\compiler\ti-cgt-msp430_4.4.3\lib\</path>
         <kind>archive</kind>
         <file>rts430x_lc_rd_eabi.lib</file>
         <name>memccpy.obj</name>
      </input_file>
      <input_file id="fl-88">
         <path>D:\CCS6.1.0.00104_win32\CCS\ccsv6\tools\compiler\ti-cgt-msp430_4.4.3\lib\</path>
         <kind>archive</kind>
         <file>rts430x_lc_rd_eabi.lib</file>
         <name>memset.obj</name>
      </input_file>
   </input_file_list>
   <object_component_list>
      <object_component id="oc-2f1">
         <name>.common:siSaveTime$1</name>
         <uninitialized>true</uninitialized>
         <run_address>0x25c4</run_address>
         <size>0x2</size>
      </object_component>
      <object_component id="oc-1bf">
         <name>.common:speed</name>
         <uninitialized>true</uninitialized>
         <run_address>0x25c0</run_address>
         <size>0x4</size>
      </object_component>
      <object_component id="oc-20d">
         <name>.common:period</name>
         <uninitialized>true</uninitialized>
         <run_address>0x2590</run_address>
         <size>0x28</size>
      </object_component>
      <object_component id="oc-185">
         <name>.common:sfLightness</name>
         <uninitialized>true</uninitialized>
         <run_address>0x2400</run_address>
         <size>0x190</size>
      </object_component>
      <object_component id="oc-19c">
         <name>.common:sfAvg</name>
         <uninitialized>true</uninitialized>
         <run_address>0x25b8</run_address>
         <size>0x8</size>
      </object_component>
      <object_component id="oc-cf">
         <name>.stack</name>
         <uninitialized>true</uninitialized>
         <run_address>0x4360</run_address>
         <size>0x4</size>
         <input_file_ref idref="fl-45"/>
      </object_component>
      <object_component id="oc-505">
         <name>.stack</name>
         <uninitialized>true</uninitialized>
         <run_address>0x4360</run_address>
         <size>0x0</size>
      </object_component>
      <object_component id="oc-25a">
         <name>.text:__TI_frcdivd</name>
         <load_address>0x10000</load_address>
         <run_address>0x10000</run_address>
         <size>0x452</size>
         <input_file_ref idref="fl-56"/>
      </object_component>
      <object_component id="oc-252">
         <name>.text:__TI_frcmpyd</name>
         <load_address>0x10452</load_address>
         <run_address>0x10452</run_address>
         <size>0x2e4</size>
         <input_file_ref idref="fl-86"/>
      </object_component>
      <object_component id="oc-354">
         <name>.text:__mspabi_addd</name>
         <load_address>0x10736</load_address>
         <run_address>0x10736</run_address>
         <size>0x2d8</size>
         <input_file_ref idref="fl-43"/>
      </object_component>
      <object_component id="oc-1ad">
         <name>.text:__mspabi_mpyd</name>
         <load_address>0x10a0e</load_address>
         <run_address>0x10a0e</run_address>
         <size>0x282</size>
         <input_file_ref idref="fl-75"/>
      </object_component>
      <object_component id="oc-332">
         <name>.text:Drawchar</name>
         <load_address>0x10c90</load_address>
         <run_address>0x10c90</run_address>
         <size>0x266</size>
         <input_file_ref idref="fl-9"/>
      </object_component>
      <object_component id="oc-3e0">
         <name>.text:__TI_frcaddd</name>
         <load_address>0x10ef6</load_address>
         <run_address>0x10ef6</run_address>
         <size>0x252</size>
         <input_file_ref idref="fl-55"/>
      </object_component>
      <object_component id="oc-1b3">
         <name>.text:__mspabi_divd</name>
         <load_address>0x11148</load_address>
         <run_address>0x11148</run_address>
         <size>0x222</size>
         <input_file_ref idref="fl-4f"/>
      </object_component>
      <object_component id="oc-1ef">
         <name>.text:Show</name>
         <load_address>0x1136a</load_address>
         <run_address>0x1136a</run_address>
         <size>0x13c</size>
         <input_file_ref idref="fl-2"/>
      </object_component>
      <object_component id="oc-403">
         <name>.text:_setfield</name>
         <load_address>0x114a6</load_address>
         <run_address>0x114a6</run_address>
         <size>0x132</size>
         <input_file_ref idref="fl-82"/>
      </object_component>
      <object_component id="oc-18d">
         <name>.text</name>
         <load_address>0x115d8</load_address>
         <run_address>0x115d8</run_address>
         <size>0x130</size>
         <input_file_ref idref="fl-57"/>
      </object_component>
      <object_component id="oc-16d">
         <name>.text:event_Catch</name>
         <load_address>0x11708</load_address>
         <run_address>0x11708</run_address>
         <size>0x104</size>
         <input_file_ref idref="fl-4"/>
      </object_component>
      <object_component id="oc-3ba">
         <name>.text:__TI_printfi_minimal</name>
         <load_address>0x1180c</load_address>
         <run_address>0x1180c</run_address>
         <size>0xd2</size>
         <input_file_ref idref="fl-82"/>
      </object_component>
      <object_component id="oc-447">
         <name>.text:__TI_renormd</name>
         <load_address>0x118de</load_address>
         <run_address>0x118de</run_address>
         <size>0xb2</size>
         <input_file_ref idref="fl-7e"/>
      </object_component>
      <object_component id="oc-28e">
         <name>.text:LCDInit</name>
         <load_address>0x11990</load_address>
         <run_address>0x11990</run_address>
         <size>0xb0</size>
         <input_file_ref idref="fl-9"/>
      </object_component>
      <object_component id="oc-2cc">
         <name>.text:SetMotorSpeed</name>
         <load_address>0x11a40</load_address>
         <run_address>0x11a40</run_address>
         <size>0xaa</size>
         <input_file_ref idref="fl-b"/>
      </object_component>
      <object_component id="oc-1a7">
         <name>.text:__mspabi_fltlid</name>
         <load_address>0x11aea</load_address>
         <run_address>0x11aea</run_address>
         <size>0x94</size>
         <input_file_ref idref="fl-54"/>
      </object_component>
      <object_component id="oc-197">
         <name>.text</name>
         <load_address>0x11b7e</load_address>
         <run_address>0x11b7e</run_address>
         <size>0x8e</size>
         <input_file_ref idref="fl-59"/>
      </object_component>
      <object_component id="oc-1b9">
         <name>.text:__mspabi_cvtdf</name>
         <load_address>0x11c0c</load_address>
         <run_address>0x11c0c</run_address>
         <size>0x8c</size>
         <input_file_ref idref="fl-4a"/>
      </object_component>
      <object_component id="oc-288">
         <name>.text:CLK_Init</name>
         <load_address>0x11c98</load_address>
         <run_address>0x11c98</run_address>
         <size>0x78</size>
         <input_file_ref idref="fl-d"/>
      </object_component>
      <object_component id="oc-1ec">
         <name>.text:Car_AvoidBlock</name>
         <load_address>0x11d10</load_address>
         <run_address>0x11d10</run_address>
         <size>0x72</size>
         <input_file_ref idref="fl-4"/>
      </object_component>
      <object_component id="oc-2c5">
         <name>.text:DrawcharS</name>
         <load_address>0x11d82</load_address>
         <run_address>0x11d82</run_address>
         <size>0x72</size>
         <input_file_ref idref="fl-9"/>
      </object_component>
      <object_component id="oc-11d">
         <name>.text:_auto_init_hold_wdt</name>
         <load_address>0x11df4</load_address>
         <run_address>0x11df4</run_address>
         <size>0x6c</size>
         <input_file_ref idref="fl-85"/>
      </object_component>
      <object_component id="oc-1e0">
         <name>.text:MCU_Init</name>
         <load_address>0x11e60</load_address>
         <run_address>0x11e60</run_address>
         <size>0x68</size>
         <input_file_ref idref="fl-2"/>
      </object_component>
      <object_component id="oc-e0">
         <name>.text:__TI_decompress_rle_core</name>
         <load_address>0x11ec8</load_address>
         <run_address>0x11ec8</run_address>
         <size>0x68</size>
         <input_file_ref idref="fl-48"/>
      </object_component>
      <object_component id="oc-192">
         <name>.text</name>
         <load_address>0x11f30</load_address>
         <run_address>0x11f30</run_address>
         <size>0x68</size>
         <input_file_ref idref="fl-5d"/>
      </object_component>
      <object_component id="oc-3d4">
         <name>.text:DrawPoint</name>
         <load_address>0x11f98</load_address>
         <run_address>0x11f98</run_address>
         <size>0x66</size>
         <input_file_ref idref="fl-9"/>
      </object_component>
      <object_component id="oc-3e8">
         <name>.text:__mspabi_fixdli</name>
         <load_address>0x11ffe</load_address>
         <run_address>0x11ffe</run_address>
         <size>0x66</size>
         <input_file_ref idref="fl-52"/>
      </object_component>
      <object_component id="oc-3ca">
         <name>.text:WrateC</name>
         <load_address>0x12064</load_address>
         <run_address>0x12064</run_address>
         <size>0x62</size>
         <input_file_ref idref="fl-9"/>
      </object_component>
      <object_component id="oc-340">
         <name>.text:WrateD</name>
         <load_address>0x120c6</load_address>
         <run_address>0x120c6</run_address>
         <size>0x62</size>
         <input_file_ref idref="fl-9"/>
      </object_component>
      <object_component id="oc-47f">
         <name>.text:_ltostr</name>
         <load_address>0x12128</load_address>
         <run_address>0x12128</run_address>
         <size>0x5a</size>
         <input_file_ref idref="fl-82"/>
      </object_component>
      <object_component id="oc-2fb">
         <name>.text</name>
         <load_address>0x12182</load_address>
         <run_address>0x12182</run_address>
         <size>0x58</size>
         <input_file_ref idref="fl-4e"/>
      </object_component>
      <object_component id="oc-325">
         <name>.text:SetVcoreUp</name>
         <load_address>0x121da</load_address>
         <run_address>0x121da</run_address>
         <size>0x4e</size>
         <input_file_ref idref="fl-d"/>
      </object_component>
      <object_component id="oc-45b">
         <name>.text:_pproc_diouxp</name>
         <load_address>0x12228</load_address>
         <run_address>0x12228</run_address>
         <size>0x4c</size>
         <input_file_ref idref="fl-82"/>
      </object_component>
      <object_component id="oc-2be">
         <name>.text:Clear</name>
         <load_address>0x12274</load_address>
         <run_address>0x12274</run_address>
         <size>0x48</size>
         <input_file_ref idref="fl-9"/>
      </object_component>
      <object_component id="oc-409">
         <name>.text:_pproc_str</name>
         <load_address>0x122bc</load_address>
         <run_address>0x122bc</run_address>
         <size>0x48</size>
         <input_file_ref idref="fl-82"/>
      </object_component>
      <object_component id="oc-2f2">
         <name>.text:sprintf</name>
         <load_address>0x12304</load_address>
         <run_address>0x12304</run_address>
         <size>0x44</size>
         <input_file_ref idref="fl-7f"/>
      </object_component>
      <object_component id="oc-1f5">
         <name>.text:Car_SearchBlack</name>
         <load_address>0x12348</load_address>
         <run_address>0x12348</run_address>
         <size>0x40</size>
         <input_file_ref idref="fl-7"/>
      </object_component>
      <object_component id="oc-208">
         <name>.text</name>
         <load_address>0x12388</load_address>
         <run_address>0x12388</run_address>
         <size>0x40</size>
         <input_file_ref idref="fl-4d"/>
      </object_component>
      <object_component id="oc-2a6">
         <name>.text:PWM_Init</name>
         <load_address>0x123c8</load_address>
         <run_address>0x123c8</run_address>
         <size>0x3e</size>
         <input_file_ref idref="fl-b"/>
      </object_component>
      <object_component id="oc-479">
         <name>.text:_getarg_diouxp</name>
         <load_address>0x12406</load_address>
         <run_address>0x12406</run_address>
         <size>0x3e</size>
         <input_file_ref idref="fl-82"/>
      </object_component>
      <object_component id="oc-30c">
         <name>.text:l_asr_const</name>
         <load_address>0x12444</load_address>
         <run_address>0x12444</run_address>
         <size>0x3e</size>
         <input_file_ref idref="fl-84"/>
      </object_component>
      <object_component id="oc-241">
         <name>.text:l_lsl_const</name>
         <load_address>0x12482</load_address>
         <run_address>0x12482</run_address>
         <size>0x3e</size>
         <input_file_ref idref="fl-71"/>
      </object_component>
      <object_component id="oc-246">
         <name>.text:l_lsr_const</name>
         <load_address>0x124c0</load_address>
         <run_address>0x124c0</run_address>
         <size>0x3e</size>
         <input_file_ref idref="fl-72"/>
      </object_component>
      <object_component id="oc-137">
         <name>.text:main</name>
         <load_address>0x124fe</load_address>
         <run_address>0x124fe</run_address>
         <size>0x38</size>
         <input_file_ref idref="fl-2"/>
      </object_component>
      <object_component id="oc-2b2">
         <name>.text:pwm_catch_init</name>
         <load_address>0x12536</load_address>
         <run_address>0x12536</run_address>
         <size>0x36</size>
         <input_file_ref idref="fl-4"/>
      </object_component>
      <object_component id="oc-188">
         <name>.text</name>
         <load_address>0x1256c</load_address>
         <run_address>0x1256c</run_address>
         <size>0x36</size>
         <input_file_ref idref="fl-5a"/>
      </object_component>
      <object_component id="oc-2eb">
         <name>.text:Car_Spinleft</name>
         <load_address>0x125a2</load_address>
         <run_address>0x125a2</run_address>
         <size>0x30</size>
         <input_file_ref idref="fl-b"/>
      </object_component>
      <object_component id="oc-2df">
         <name>.text:Car_Spinright</name>
         <load_address>0x125d2</load_address>
         <run_address>0x125d2</run_address>
         <size>0x30</size>
         <input_file_ref idref="fl-b"/>
      </object_component>
      <object_component id="oc-360">
         <name>.text:L1_SetPWM</name>
         <load_address>0x12602</load_address>
         <run_address>0x12602</run_address>
         <size>0x2e</size>
         <input_file_ref idref="fl-b"/>
      </object_component>
      <object_component id="oc-366">
         <name>.text:L2_SetPWM</name>
         <load_address>0x12630</load_address>
         <run_address>0x12630</run_address>
         <size>0x2e</size>
         <input_file_ref idref="fl-b"/>
      </object_component>
      <object_component id="oc-431">
         <name>.text:LCD_setXY</name>
         <load_address>0x1265e</load_address>
         <run_address>0x1265e</run_address>
         <size>0x2c</size>
         <input_file_ref idref="fl-9"/>
      </object_component>
      <object_component id="oc-347">
         <name>.text</name>
         <load_address>0x1268a</load_address>
         <run_address>0x1268a</run_address>
         <size>0x2c</size>
         <input_file_ref idref="fl-4b"/>
      </object_component>
      <object_component id="oc-35a">
         <name>.text:__mspabi_fixdi</name>
         <load_address>0x126b6</load_address>
         <run_address>0x126b6</run_address>
         <size>0x28</size>
         <input_file_ref idref="fl-51"/>
      </object_component>
      <object_component id="oc-29a">
         <name>.text:KeyPort_Init</name>
         <load_address>0x126de</load_address>
         <run_address>0x126de</run_address>
         <size>0x24</size>
         <input_file_ref idref="fl-8"/>
      </object_component>
      <object_component id="oc-8d">
         <name>.text:decompress:ZI:__TI_zero_init</name>
         <load_address>0x12702</load_address>
         <run_address>0x12702</run_address>
         <size>0x24</size>
         <input_file_ref idref="fl-49"/>
      </object_component>
      <object_component id="oc-17f">
         <name>.text</name>
         <load_address>0x12726</load_address>
         <run_address>0x12726</run_address>
         <size>0x24</size>
         <input_file_ref idref="fl-5e"/>
      </object_component>
      <object_component id="oc-203">
         <name>.text</name>
         <load_address>0x1274a</load_address>
         <run_address>0x1274a</run_address>
         <size>0x22</size>
         <input_file_ref idref="fl-7b"/>
      </object_component>
      <object_component id="oc-1e6">
         <name>.text:Car_Forward</name>
         <load_address>0x1276c</load_address>
         <run_address>0x1276c</run_address>
         <size>0x20</size>
         <input_file_ref idref="fl-b"/>
      </object_component>
      <object_component id="oc-2ac">
         <name>.text:Catch_Channel_Init</name>
         <load_address>0x1278c</load_address>
         <run_address>0x1278c</run_address>
         <size>0x20</size>
         <input_file_ref idref="fl-5"/>
      </object_component>
      <object_component id="oc-2a0">
         <name>.text:MotorPort_Init</name>
         <load_address>0x127ac</load_address>
         <run_address>0x127ac</run_address>
         <size>0x20</size>
         <input_file_ref idref="fl-b"/>
      </object_component>
      <object_component id="oc-3ae">
         <name>.text:_outs</name>
         <load_address>0x127cc</load_address>
         <run_address>0x127cc</run_address>
         <size>0x20</size>
         <input_file_ref idref="fl-7f"/>
      </object_component>
      <object_component id="oc-461">
         <name>.text:memccpy</name>
         <load_address>0x127ec</load_address>
         <run_address>0x127ec</run_address>
         <size>0x1e</size>
         <input_file_ref idref="fl-87"/>
      </object_component>
      <object_component id="oc-2d2">
         <name>.text:Mydelayms</name>
         <load_address>0x1280a</load_address>
         <run_address>0x1280a</run_address>
         <size>0x1a</size>
         <input_file_ref idref="fl-d"/>
      </object_component>
      <object_component id="oc-492">
         <name>.text:_div</name>
         <load_address>0x12824</load_address>
         <run_address>0x12824</run_address>
         <size>0x1a</size>
         <input_file_ref idref="fl-82"/>
      </object_component>
      <object_component id="oc-454">
         <name>.text:memset</name>
         <load_address>0x1283e</load_address>
         <run_address>0x1283e</run_address>
         <size>0x16</size>
         <input_file_ref idref="fl-88"/>
      </object_component>
      <object_component id="oc-210">
         <name>.text</name>
         <load_address>0x12854</load_address>
         <run_address>0x12854</run_address>
         <size>0x16</size>
         <input_file_ref idref="fl-4c"/>
      </object_component>
      <object_component id="oc-315">
         <name>.text</name>
         <load_address>0x1286a</load_address>
         <run_address>0x1286a</run_address>
         <size>0x16</size>
         <input_file_ref idref="fl-78"/>
      </object_component>
      <object_component id="oc-32c">
         <name>.text:LCDWrite</name>
         <load_address>0x12880</load_address>
         <run_address>0x12880</run_address>
         <size>0x14</size>
         <input_file_ref idref="fl-9"/>
      </object_component>
      <object_component id="oc-2b8">
         <name>.text:SearchPort_Init</name>
         <load_address>0x12894</load_address>
         <run_address>0x12894</run_address>
         <size>0x14</size>
         <input_file_ref idref="fl-7"/>
      </object_component>
      <object_component id="oc-3b4">
         <name>.text:_outc</name>
         <load_address>0x128a8</load_address>
         <run_address>0x128a8</run_address>
         <size>0x14</size>
         <input_file_ref idref="fl-7f"/>
      </object_component>
      <object_component id="oc-d3">
         <name>.text:memcpy</name>
         <load_address>0x128bc</load_address>
         <run_address>0x128bc</run_address>
         <size>0x14</size>
         <input_file_ref idref="fl-73"/>
      </object_component>
      <object_component id="oc-177">
         <name>.text:Car_Brake</name>
         <load_address>0x128d0</load_address>
         <run_address>0x128d0</run_address>
         <size>0x12</size>
         <input_file_ref idref="fl-b"/>
      </object_component>
      <object_component id="oc-6b">
         <name>.text:decompress:none:__TI_decompress_none</name>
         <load_address>0x128e2</load_address>
         <run_address>0x128e2</run_address>
         <size>0x12</size>
         <input_file_ref idref="fl-47"/>
      </object_component>
      <object_component id="oc-442">
         <name>.text:l_asr</name>
         <load_address>0x128f4</load_address>
         <run_address>0x128f4</run_address>
         <size>0x10</size>
         <input_file_ref idref="fl-84"/>
      </object_component>
      <object_component id="oc-438">
         <name>.text:l_lsl</name>
         <load_address>0x12904</load_address>
         <run_address>0x12904</run_address>
         <size>0x10</size>
         <input_file_ref idref="fl-71"/>
      </object_component>
      <object_component id="oc-43d">
         <name>.text:l_lsr</name>
         <load_address>0x12914</load_address>
         <run_address>0x12914</run_address>
         <size>0x10</size>
         <input_file_ref idref="fl-72"/>
      </object_component>
      <object_component id="oc-37e">
         <name>.text:L2_Backward</name>
         <load_address>0x12924</load_address>
         <run_address>0x12924</run_address>
         <size>0xe</size>
         <input_file_ref idref="fl-b"/>
      </object_component>
      <object_component id="oc-372">
         <name>.text:L2_Forward</name>
         <load_address>0x12932</load_address>
         <run_address>0x12932</run_address>
         <size>0xe</size>
         <input_file_ref idref="fl-b"/>
      </object_component>
      <object_component id="oc-224">
         <name>.text:L2_Stop</name>
         <load_address>0x12940</load_address>
         <run_address>0x12940</run_address>
         <size>0xe</size>
         <input_file_ref idref="fl-b"/>
      </object_component>
      <object_component id="oc-3fd">
         <name>.text:strlen</name>
         <load_address>0x1294e</load_address>
         <run_address>0x1294e</run_address>
         <size>0xe</size>
         <input_file_ref idref="fl-80"/>
      </object_component>
      <object_component id="oc-294">
         <name>.text:LedInit</name>
         <load_address>0x1295c</load_address>
         <run_address>0x1295c</run_address>
         <size>0xc</size>
         <input_file_ref idref="fl-a"/>
      </object_component>
      <object_component id="oc-34e">
         <name>.text:__mspabi_fltid</name>
         <load_address>0x12968</load_address>
         <run_address>0x12968</run_address>
         <size>0xc</size>
         <input_file_ref idref="fl-53"/>
      </object_component>
      <object_component id="oc-378">
         <name>.text:L1_Backward</name>
         <load_address>0x12974</load_address>
         <run_address>0x12974</run_address>
         <size>0xa</size>
         <input_file_ref idref="fl-b"/>
      </object_component>
      <object_component id="oc-36c">
         <name>.text:L1_Forward</name>
         <load_address>0x1297e</load_address>
         <run_address>0x1297e</run_address>
         <size>0xa</size>
         <input_file_ref idref="fl-b"/>
      </object_component>
      <object_component id="oc-21e">
         <name>.text:L1_Stop</name>
         <load_address>0x12988</load_address>
         <run_address>0x12988</run_address>
         <size>0xa</size>
         <input_file_ref idref="fl-b"/>
      </object_component>
      <object_component id="oc-39c">
         <name>.text:R1_Backward</name>
         <load_address>0x12992</load_address>
         <run_address>0x12992</run_address>
         <size>0xa</size>
         <input_file_ref idref="fl-b"/>
      </object_component>
      <object_component id="oc-390">
         <name>.text:R1_Forward</name>
         <load_address>0x1299c</load_address>
         <run_address>0x1299c</run_address>
         <size>0xa</size>
         <input_file_ref idref="fl-b"/>
      </object_component>
      <object_component id="oc-22a">
         <name>.text:R1_Stop</name>
         <load_address>0x129a6</load_address>
         <run_address>0x129a6</run_address>
         <size>0xa</size>
         <input_file_ref idref="fl-b"/>
      </object_component>
      <object_component id="oc-3a2">
         <name>.text:R2_Backward</name>
         <load_address>0x129b0</load_address>
         <run_address>0x129b0</run_address>
         <size>0xa</size>
         <input_file_ref idref="fl-b"/>
      </object_component>
      <object_component id="oc-396">
         <name>.text:R2_Forward</name>
         <load_address>0x129ba</load_address>
         <run_address>0x129ba</run_address>
         <size>0xa</size>
         <input_file_ref idref="fl-b"/>
      </object_component>
      <object_component id="oc-230">
         <name>.text:R2_Stop</name>
         <load_address>0x129c4</load_address>
         <run_address>0x129c4</run_address>
         <size>0xa</size>
         <input_file_ref idref="fl-b"/>
      </object_component>
      <object_component id="oc-42b">
         <name>.text:abs</name>
         <load_address>0x129ce</load_address>
         <run_address>0x129ce</run_address>
         <size>0xa</size>
         <input_file_ref idref="fl-42"/>
      </object_component>
      <object_component id="oc-426">
         <name>.text</name>
         <load_address>0x129d8</load_address>
         <run_address>0x129d8</run_address>
         <size>0xa</size>
         <input_file_ref idref="fl-44"/>
      </object_component>
      <object_component id="oc-2d9">
         <name>.text:Close_HCSR</name>
         <load_address>0x129e2</load_address>
         <run_address>0x129e2</run_address>
         <size>0x8</size>
         <input_file_ref idref="fl-4"/>
      </object_component>
      <object_component id="oc-2e5">
         <name>.text:Open_HCSR</name>
         <load_address>0x129ea</load_address>
         <run_address>0x129ea</run_address>
         <size>0x8</size>
         <input_file_ref idref="fl-4"/>
      </object_component>
      <object_component id="oc-384">
         <name>.text:R1_SetPWM</name>
         <load_address>0x129f2</load_address>
         <run_address>0x129f2</run_address>
         <size>0x6</size>
         <input_file_ref idref="fl-b"/>
      </object_component>
      <object_component id="oc-38a">
         <name>.text:R2_SetPWM</name>
         <load_address>0x129f8</load_address>
         <run_address>0x129f8</run_address>
         <size>0x6</size>
         <input_file_ref idref="fl-b"/>
      </object_component>
      <object_component id="oc-71">
         <name>.text:decompress:rle24:__TI_decompress_rle24</name>
         <load_address>0x129fe</load_address>
         <run_address>0x129fe</run_address>
         <size>0x6</size>
         <input_file_ref idref="fl-48"/>
      </object_component>
      <object_component id="oc-19d">
         <name>.text:start_adc12</name>
         <load_address>0x12a04</load_address>
         <run_address>0x12a04</run_address>
         <size>0x6</size>
         <input_file_ref idref="fl-c"/>
      </object_component>
      <object_component id="oc-117">
         <name>.text:_system_pre_init</name>
         <load_address>0x12a0a</load_address>
         <run_address>0x12a0a</run_address>
         <size>0x4</size>
         <input_file_ref idref="fl-7d"/>
      </object_component>
      <object_component id="oc-13f">
         <name>.text:abort</name>
         <load_address>0x12a0e</load_address>
         <run_address>0x12a0e</run_address>
         <size>0x4</size>
         <input_file_ref idref="fl-50"/>
      </object_component>
      <object_component id="oc-104">
         <name>.text:_isr:adc12_ISR_hook</name>
         <load_address>0x4400</load_address>
         <run_address>0x4400</run_address>
         <size>0xd6</size>
         <input_file_ref idref="fl-c"/>
      </object_component>
      <object_component id="oc-10a">
         <name>.text:_isr:Timer0_B1</name>
         <load_address>0x44d6</load_address>
         <run_address>0x44d6</run_address>
         <size>0x9c</size>
         <input_file_ref idref="fl-6"/>
      </object_component>
      <object_component id="oc-fe">
         <name>.text:_isr:Timer0_A1</name>
         <load_address>0x4572</load_address>
         <run_address>0x4572</run_address>
         <size>0x4a</size>
         <input_file_ref idref="fl-b"/>
      </object_component>
      <object_component id="oc-f8">
         <name>.text:_isr:Timer1_A1</name>
         <load_address>0x45bc</load_address>
         <run_address>0x45bc</run_address>
         <size>0x38</size>
         <input_file_ref idref="fl-5"/>
      </object_component>
      <object_component id="oc-f2">
         <name>.text:_isr:Timer2_A1</name>
         <load_address>0x45f4</load_address>
         <run_address>0x45f4</run_address>
         <size>0x1e</size>
         <input_file_ref idref="fl-4"/>
      </object_component>
      <object_component id="oc-ab">
         <name>.text:_isr:_c_int00_noargs_noexit</name>
         <load_address>0x4612</load_address>
         <run_address>0x4612</run_address>
         <size>0x1a</size>
         <input_file_ref idref="fl-46"/>
      </object_component>
      <object_component id="oc-ed">
         <name>.text:_isr:__TI_ISR_TRAP</name>
         <load_address>0x462c</load_address>
         <run_address>0x462c</run_address>
         <size>0x6</size>
         <input_file_ref idref="fl-70"/>
      </object_component>
      <object_component id="oc-501">
         <name>__TI_handler_table</name>
         <load_address>0x4c6c</load_address>
         <run_address>0x4c6c</run_address>
         <size>0xc</size>
      </object_component>
      <object_component id="oc-504">
         <name>.cinit..data.load</name>
         <load_address>0x4c78</load_address>
         <run_address>0x4c78</run_address>
         <size>0x9</size>
      </object_component>
      <object_component id="oc-503">
         <name>.cinit..bss.load</name>
         <load_address>0x4c82</load_address>
         <run_address>0x4c82</run_address>
         <size>0x6</size>
      </object_component>
      <object_component id="oc-502">
         <name>__TI_cinit_table</name>
         <load_address>0x4c88</load_address>
         <run_address>0x4c88</run_address>
         <size>0x10</size>
      </object_component>
      <object_component id="oc-3d1">
         <name>.const:AsciiFontData</name>
         <load_address>0x4632</load_address>
         <run_address>0x4632</run_address>
         <size>0x5f0</size>
         <input_file_ref idref="fl-9"/>
      </object_component>
      <object_component id="oc-2c4">
         <name>.const:.string</name>
         <load_address>0x4c22</load_address>
         <run_address>0x4c22</run_address>
         <size>0x36</size>
         <input_file_ref idref="fl-2"/>
      </object_component>
      <object_component id="oc-45a">
         <name>.const:.string</name>
         <load_address>0x4c58</load_address>
         <run_address>0x4c58</run_address>
         <size>0x14</size>
         <input_file_ref idref="fl-82"/>
      </object_component>
      <object_component id="oc-77">
         <name>.int41</name>
         <load_address>0xffd2</load_address>
         <run_address>0xffd2</run_address>
         <size>0x2</size>
         <input_file_ref idref="fl-5f"/>
      </object_component>
      <object_component id="oc-78">
         <name>.int42</name>
         <load_address>0xffd4</load_address>
         <run_address>0xffd4</run_address>
         <size>0x2</size>
         <input_file_ref idref="fl-60"/>
      </object_component>
      <object_component id="oc-79">
         <name>.int43</name>
         <load_address>0xffd6</load_address>
         <run_address>0xffd6</run_address>
         <size>0x2</size>
         <input_file_ref idref="fl-4"/>
      </object_component>
      <object_component id="oc-7a">
         <name>.int44</name>
         <load_address>0xffd8</load_address>
         <run_address>0xffd8</run_address>
         <size>0x2</size>
         <input_file_ref idref="fl-61"/>
      </object_component>
      <object_component id="oc-7b">
         <name>.int45</name>
         <load_address>0xffda</load_address>
         <run_address>0xffda</run_address>
         <size>0x2</size>
         <input_file_ref idref="fl-62"/>
      </object_component>
      <object_component id="oc-7c">
         <name>.int46</name>
         <load_address>0xffdc</load_address>
         <run_address>0xffdc</run_address>
         <size>0x2</size>
         <input_file_ref idref="fl-63"/>
      </object_component>
      <object_component id="oc-7d">
         <name>.int47</name>
         <load_address>0xffde</load_address>
         <run_address>0xffde</run_address>
         <size>0x2</size>
         <input_file_ref idref="fl-64"/>
      </object_component>
      <object_component id="oc-7e">
         <name>.int48</name>
         <load_address>0xffe0</load_address>
         <run_address>0xffe0</run_address>
         <size>0x2</size>
         <input_file_ref idref="fl-5"/>
      </object_component>
      <object_component id="oc-7f">
         <name>.int49</name>
         <load_address>0xffe2</load_address>
         <run_address>0xffe2</run_address>
         <size>0x2</size>
         <input_file_ref idref="fl-65"/>
      </object_component>
      <object_component id="oc-80">
         <name>.int50</name>
         <load_address>0xffe4</load_address>
         <run_address>0xffe4</run_address>
         <size>0x2</size>
         <input_file_ref idref="fl-66"/>
      </object_component>
      <object_component id="oc-81">
         <name>.int51</name>
         <load_address>0xffe6</load_address>
         <run_address>0xffe6</run_address>
         <size>0x2</size>
         <input_file_ref idref="fl-67"/>
      </object_component>
      <object_component id="oc-82">
         <name>.int52</name>
         <load_address>0xffe8</load_address>
         <run_address>0xffe8</run_address>
         <size>0x2</size>
         <input_file_ref idref="fl-b"/>
      </object_component>
      <object_component id="oc-83">
         <name>.int53</name>
         <load_address>0xffea</load_address>
         <run_address>0xffea</run_address>
         <size>0x2</size>
         <input_file_ref idref="fl-68"/>
      </object_component>
      <object_component id="oc-84">
         <name>.int54</name>
         <load_address>0xffec</load_address>
         <run_address>0xffec</run_address>
         <size>0x2</size>
         <input_file_ref idref="fl-c"/>
      </object_component>
      <object_component id="oc-85">
         <name>.int55</name>
         <load_address>0xffee</load_address>
         <run_address>0xffee</run_address>
         <size>0x2</size>
         <input_file_ref idref="fl-69"/>
      </object_component>
      <object_component id="oc-86">
         <name>.int56</name>
         <load_address>0xfff0</load_address>
         <run_address>0xfff0</run_address>
         <size>0x2</size>
         <input_file_ref idref="fl-6a"/>
      </object_component>
      <object_component id="oc-87">
         <name>.int57</name>
         <load_address>0xfff2</load_address>
         <run_address>0xfff2</run_address>
         <size>0x2</size>
         <input_file_ref idref="fl-6b"/>
      </object_component>
      <object_component id="oc-88">
         <name>.int58</name>
         <load_address>0xfff4</load_address>
         <run_address>0xfff4</run_address>
         <size>0x2</size>
         <input_file_ref idref="fl-6"/>
      </object_component>
      <object_component id="oc-89">
         <name>.int59</name>
         <load_address>0xfff6</load_address>
         <run_address>0xfff6</run_address>
         <size>0x2</size>
         <input_file_ref idref="fl-6c"/>
      </object_component>
      <object_component id="oc-8a">
         <name>.int60</name>
         <load_address>0xfff8</load_address>
         <run_address>0xfff8</run_address>
         <size>0x2</size>
         <input_file_ref idref="fl-6d"/>
      </object_component>
      <object_component id="oc-8b">
         <name>.int61</name>
         <load_address>0xfffa</load_address>
         <run_address>0xfffa</run_address>
         <size>0x2</size>
         <input_file_ref idref="fl-6e"/>
      </object_component>
      <object_component id="oc-8c">
         <name>.int62</name>
         <load_address>0xfffc</load_address>
         <run_address>0xfffc</run_address>
         <size>0x2</size>
         <input_file_ref idref="fl-6f"/>
      </object_component>
      <object_component id="oc-d2">
         <name>.reset</name>
         <load_address>0xfffe</load_address>
         <run_address>0xfffe</run_address>
         <size>0x2</size>
         <input_file_ref idref="fl-45"/>
      </object_component>
      <object_component id="oc-164">
         <name>.data</name>
         <load_address>0x25d2</load_address>
         <run_address>0x25d2</run_address>
         <size>0xa</size>
         <input_file_ref idref="fl-4"/>
      </object_component>
      <object_component id="oc-171">
         <name>.data</name>
         <load_address>0x25e4</load_address>
         <run_address>0x25e4</run_address>
         <size>0x3</size>
         <input_file_ref idref="fl-5"/>
      </object_component>
      <object_component id="oc-1a4">
         <name>.data</name>
         <load_address>0x25c6</load_address>
         <run_address>0x25c6</run_address>
         <size>0xc</size>
         <input_file_ref idref="fl-6"/>
      </object_component>
      <object_component id="oc-425">
         <name>.data</name>
         <load_address>0x25e7</load_address>
         <run_address>0x25e7</run_address>
         <size>0x3</size>
         <input_file_ref idref="fl-9"/>
      </object_component>
      <object_component id="oc-174">
         <name>.data</name>
         <load_address>0x25dc</load_address>
         <run_address>0x25dc</run_address>
         <size>0x8</size>
         <input_file_ref idref="fl-b"/>
      </object_component>
      <object_component id="oc-184">
         <name>.data</name>
         <load_address>0x25ea</load_address>
         <run_address>0x25ea</run_address>
         <size>0x2</size>
         <input_file_ref idref="fl-c"/>
      </object_component>
      <object_component id="oc-1c0">
         <name>.debug_info</name>
         <load_address>0x0</load_address>
         <run_address>0x0</run_address>
         <size>0x4f0</size>
         <input_file_ref idref="fl-2"/>
      </object_component>
      <object_component id="oc-138">
         <name>.debug_info</name>
         <load_address>0x4f0</load_address>
         <run_address>0x4f0</run_address>
         <size>0x13d</size>
         <input_file_ref idref="fl-2"/>
      </object_component>
      <object_component id="oc-1f0">
         <name>.debug_info</name>
         <load_address>0x62d</load_address>
         <run_address>0x62d</run_address>
         <size>0x257</size>
         <input_file_ref idref="fl-2"/>
      </object_component>
      <object_component id="oc-1e1">
         <name>.debug_info</name>
         <load_address>0x884</load_address>
         <run_address>0x884</run_address>
         <size>0x1d1</size>
         <input_file_ref idref="fl-2"/>
      </object_component>
      <object_component id="oc-219">
         <name>.debug_info</name>
         <load_address>0xa55</load_address>
         <run_address>0xa55</run_address>
         <size>0x51</size>
         <input_file_ref idref="fl-2"/>
      </object_component>
      <object_component id="oc-14d">
         <name>.debug_info</name>
         <load_address>0xaa6</load_address>
         <run_address>0xaa6</run_address>
         <size>0x84</size>
         <input_file_ref idref="fl-2"/>
      </object_component>
      <object_component id="oc-411">
         <name>.debug_info</name>
         <load_address>0xb2a</load_address>
         <run_address>0xb2a</run_address>
         <size>0x2c</size>
         <input_file_ref idref="fl-2"/>
      </object_component>
      <object_component id="oc-154">
         <name>.debug_info</name>
         <load_address>0xb56</load_address>
         <run_address>0xb56</run_address>
         <size>0x2c</size>
         <input_file_ref idref="fl-3"/>
      </object_component>
      <object_component id="oc-20e">
         <name>.debug_info</name>
         <load_address>0xb82</load_address>
         <run_address>0xb82</run_address>
         <size>0x3b9</size>
         <input_file_ref idref="fl-4"/>
      </object_component>
      <object_component id="oc-165">
         <name>.debug_info</name>
         <load_address>0xf3b</load_address>
         <run_address>0xf3b</run_address>
         <size>0x10b</size>
         <input_file_ref idref="fl-4"/>
      </object_component>
      <object_component id="oc-2b4">
         <name>.debug_info</name>
         <load_address>0x1046</load_address>
         <run_address>0x1046</run_address>
         <size>0x112</size>
         <input_file_ref idref="fl-4"/>
      </object_component>
      <object_component id="oc-2e6">
         <name>.debug_info</name>
         <load_address>0x1158</load_address>
         <run_address>0x1158</run_address>
         <size>0x108</size>
         <input_file_ref idref="fl-4"/>
      </object_component>
      <object_component id="oc-2db">
         <name>.debug_info</name>
         <load_address>0x1260</load_address>
         <run_address>0x1260</run_address>
         <size>0x10a</size>
         <input_file_ref idref="fl-4"/>
      </object_component>
      <object_component id="oc-167">
         <name>.debug_info</name>
         <load_address>0x136a</load_address>
         <run_address>0x136a</run_address>
         <size>0x184</size>
         <input_file_ref idref="fl-4"/>
      </object_component>
      <object_component id="oc-16a">
         <name>.debug_info</name>
         <load_address>0x14ee</load_address>
         <run_address>0x14ee</run_address>
         <size>0x1b5</size>
         <input_file_ref idref="fl-4"/>
      </object_component>
      <object_component id="oc-f3">
         <name>.debug_info</name>
         <load_address>0x16a3</load_address>
         <run_address>0x16a3</run_address>
         <size>0x11b</size>
         <input_file_ref idref="fl-4"/>
      </object_component>
      <object_component id="oc-172">
         <name>.debug_info</name>
         <load_address>0x17be</load_address>
         <run_address>0x17be</run_address>
         <size>0xf2</size>
         <input_file_ref idref="fl-5"/>
      </object_component>
      <object_component id="oc-2ad">
         <name>.debug_info</name>
         <load_address>0x18b0</load_address>
         <run_address>0x18b0</run_address>
         <size>0x117</size>
         <input_file_ref idref="fl-5"/>
      </object_component>
      <object_component id="oc-f9">
         <name>.debug_info</name>
         <load_address>0x19c7</load_address>
         <run_address>0x19c7</run_address>
         <size>0x116</size>
         <input_file_ref idref="fl-5"/>
      </object_component>
      <object_component id="oc-1c2">
         <name>.debug_info</name>
         <load_address>0x1add</load_address>
         <run_address>0x1add</run_address>
         <size>0x1e5</size>
         <input_file_ref idref="fl-6"/>
      </object_component>
      <object_component id="oc-1a5">
         <name>.debug_info</name>
         <load_address>0x1cc2</load_address>
         <run_address>0x1cc2</run_address>
         <size>0xda</size>
         <input_file_ref idref="fl-6"/>
      </object_component>
      <object_component id="oc-10c">
         <name>.debug_info</name>
         <load_address>0x1d9c</load_address>
         <run_address>0x1d9c</run_address>
         <size>0x1a0</size>
         <input_file_ref idref="fl-6"/>
      </object_component>
      <object_component id="oc-2bc">
         <name>.debug_info</name>
         <load_address>0x1f3c</load_address>
         <run_address>0x1f3c</run_address>
         <size>0x123</size>
         <input_file_ref idref="fl-7"/>
      </object_component>
      <object_component id="oc-1f9">
         <name>.debug_info</name>
         <load_address>0x205f</load_address>
         <run_address>0x205f</run_address>
         <size>0x15c</size>
         <input_file_ref idref="fl-7"/>
      </object_component>
      <object_component id="oc-29c">
         <name>.debug_info</name>
         <load_address>0x21bb</load_address>
         <run_address>0x21bb</run_address>
         <size>0x105</size>
         <input_file_ref idref="fl-8"/>
      </object_component>
      <object_component id="oc-34d">
         <name>.debug_info</name>
         <load_address>0x22c0</load_address>
         <run_address>0x22c0</run_address>
         <size>0x202</size>
         <input_file_ref idref="fl-9"/>
      </object_component>
      <object_component id="oc-3d2">
         <name>.debug_info</name>
         <load_address>0x24c2</load_address>
         <run_address>0x24c2</run_address>
         <size>0xd7</size>
         <input_file_ref idref="fl-9"/>
      </object_component>
      <object_component id="oc-3cc">
         <name>.debug_info</name>
         <load_address>0x2599</load_address>
         <run_address>0x2599</run_address>
         <size>0x151</size>
         <input_file_ref idref="fl-9"/>
      </object_component>
      <object_component id="oc-342">
         <name>.debug_info</name>
         <load_address>0x26ea</load_address>
         <run_address>0x26ea</run_address>
         <size>0x151</size>
         <input_file_ref idref="fl-9"/>
      </object_component>
      <object_component id="oc-32e">
         <name>.debug_info</name>
         <load_address>0x283b</load_address>
         <run_address>0x283b</run_address>
         <size>0x15a</size>
         <input_file_ref idref="fl-9"/>
      </object_component>
      <object_component id="oc-28f">
         <name>.debug_info</name>
         <load_address>0x2995</load_address>
         <run_address>0x2995</run_address>
         <size>0x1d0</size>
         <input_file_ref idref="fl-9"/>
      </object_component>
      <object_component id="oc-433">
         <name>.debug_info</name>
         <load_address>0x2b65</load_address>
         <run_address>0x2b65</run_address>
         <size>0x171</size>
         <input_file_ref idref="fl-9"/>
      </object_component>
      <object_component id="oc-2bf">
         <name>.debug_info</name>
         <load_address>0x2cd6</load_address>
         <run_address>0x2cd6</run_address>
         <size>0x150</size>
         <input_file_ref idref="fl-9"/>
      </object_component>
      <object_component id="oc-3d5">
         <name>.debug_info</name>
         <load_address>0x2e26</load_address>
         <run_address>0x2e26</run_address>
         <size>0x1ee</size>
         <input_file_ref idref="fl-9"/>
      </object_component>
      <object_component id="oc-333">
         <name>.debug_info</name>
         <load_address>0x3014</load_address>
         <run_address>0x3014</run_address>
         <size>0x25d</size>
         <input_file_ref idref="fl-9"/>
      </object_component>
      <object_component id="oc-2c6">
         <name>.debug_info</name>
         <load_address>0x3271</load_address>
         <run_address>0x3271</run_address>
         <size>0x1b1</size>
         <input_file_ref idref="fl-9"/>
      </object_component>
      <object_component id="oc-295">
         <name>.debug_info</name>
         <load_address>0x3422</load_address>
         <run_address>0x3422</run_address>
         <size>0xfb</size>
         <input_file_ref idref="fl-a"/>
      </object_component>
      <object_component id="oc-175">
         <name>.debug_info</name>
         <load_address>0x351d</load_address>
         <run_address>0x351d</run_address>
         <size>0xff</size>
         <input_file_ref idref="fl-b"/>
      </object_component>
      <object_component id="oc-2a7">
         <name>.debug_info</name>
         <load_address>0x361c</load_address>
         <run_address>0x361c</run_address>
         <size>0x103</size>
         <input_file_ref idref="fl-b"/>
      </object_component>
      <object_component id="oc-ff">
         <name>.debug_info</name>
         <load_address>0x371f</load_address>
         <run_address>0x371f</run_address>
         <size>0x125</size>
         <input_file_ref idref="fl-b"/>
      </object_component>
      <object_component id="oc-2a1">
         <name>.debug_info</name>
         <load_address>0x3844</load_address>
         <run_address>0x3844</run_address>
         <size>0x10f</size>
         <input_file_ref idref="fl-b"/>
      </object_component>
      <object_component id="oc-379">
         <name>.debug_info</name>
         <load_address>0x3953</load_address>
         <run_address>0x3953</run_address>
         <size>0x109</size>
         <input_file_ref idref="fl-b"/>
      </object_component>
      <object_component id="oc-36d">
         <name>.debug_info</name>
         <load_address>0x3a5c</load_address>
         <run_address>0x3a5c</run_address>
         <size>0x107</size>
         <input_file_ref idref="fl-b"/>
      </object_component>
      <object_component id="oc-21f">
         <name>.debug_info</name>
         <load_address>0x3b63</load_address>
         <run_address>0x3b63</run_address>
         <size>0x101</size>
         <input_file_ref idref="fl-b"/>
      </object_component>
      <object_component id="oc-37f">
         <name>.debug_info</name>
         <load_address>0x3c64</load_address>
         <run_address>0x3c64</run_address>
         <size>0x109</size>
         <input_file_ref idref="fl-b"/>
      </object_component>
      <object_component id="oc-373">
         <name>.debug_info</name>
         <load_address>0x3d6d</load_address>
         <run_address>0x3d6d</run_address>
         <size>0x107</size>
         <input_file_ref idref="fl-b"/>
      </object_component>
      <object_component id="oc-225">
         <name>.debug_info</name>
         <load_address>0x3e74</load_address>
         <run_address>0x3e74</run_address>
         <size>0x101</size>
         <input_file_ref idref="fl-b"/>
      </object_component>
      <object_component id="oc-39d">
         <name>.debug_info</name>
         <load_address>0x3f75</load_address>
         <run_address>0x3f75</run_address>
         <size>0x109</size>
         <input_file_ref idref="fl-b"/>
      </object_component>
      <object_component id="oc-391">
         <name>.debug_info</name>
         <load_address>0x407e</load_address>
         <run_address>0x407e</run_address>
         <size>0x107</size>
         <input_file_ref idref="fl-b"/>
      </object_component>
      <object_component id="oc-22b">
         <name>.debug_info</name>
         <load_address>0x4185</load_address>
         <run_address>0x4185</run_address>
         <size>0x101</size>
         <input_file_ref idref="fl-b"/>
      </object_component>
      <object_component id="oc-3a3">
         <name>.debug_info</name>
         <load_address>0x4286</load_address>
         <run_address>0x4286</run_address>
         <size>0x109</size>
         <input_file_ref idref="fl-b"/>
      </object_component>
      <object_component id="oc-397">
         <name>.debug_info</name>
         <load_address>0x438f</load_address>
         <run_address>0x438f</run_address>
         <size>0x107</size>
         <input_file_ref idref="fl-b"/>
      </object_component>
      <object_component id="oc-231">
         <name>.debug_info</name>
         <load_address>0x4496</load_address>
         <run_address>0x4496</run_address>
         <size>0x101</size>
         <input_file_ref idref="fl-b"/>
      </object_component>
      <object_component id="oc-361">
         <name>.debug_info</name>
         <load_address>0x4597</load_address>
         <run_address>0x4597</run_address>
         <size>0x154</size>
         <input_file_ref idref="fl-b"/>
      </object_component>
      <object_component id="oc-367">
         <name>.debug_info</name>
         <load_address>0x46eb</load_address>
         <run_address>0x46eb</run_address>
         <size>0x154</size>
         <input_file_ref idref="fl-b"/>
      </object_component>
      <object_component id="oc-385">
         <name>.debug_info</name>
         <load_address>0x483f</load_address>
         <run_address>0x483f</run_address>
         <size>0x127</size>
         <input_file_ref idref="fl-b"/>
      </object_component>
      <object_component id="oc-38b">
         <name>.debug_info</name>
         <load_address>0x4966</load_address>
         <run_address>0x4966</run_address>
         <size>0x127</size>
         <input_file_ref idref="fl-b"/>
      </object_component>
      <object_component id="oc-2cd">
         <name>.debug_info</name>
         <load_address>0x4a8d</load_address>
         <run_address>0x4a8d</run_address>
         <size>0x291</size>
         <input_file_ref idref="fl-b"/>
      </object_component>
      <object_component id="oc-1e7">
         <name>.debug_info</name>
         <load_address>0x4d1e</load_address>
         <run_address>0x4d1e</run_address>
         <size>0x18c</size>
         <input_file_ref idref="fl-b"/>
      </object_component>
      <object_component id="oc-2ec">
         <name>.debug_info</name>
         <load_address>0x4eaa</load_address>
         <run_address>0x4eaa</run_address>
         <size>0x1ae</size>
         <input_file_ref idref="fl-b"/>
      </object_component>
      <object_component id="oc-2e0">
         <name>.debug_info</name>
         <load_address>0x5058</load_address>
         <run_address>0x5058</run_address>
         <size>0x1b0</size>
         <input_file_ref idref="fl-b"/>
      </object_component>
      <object_component id="oc-178">
         <name>.debug_info</name>
         <load_address>0x5208</load_address>
         <run_address>0x5208</run_address>
         <size>0x140</size>
         <input_file_ref idref="fl-b"/>
      </object_component>
      <object_component id="oc-186">
         <name>.debug_info</name>
         <load_address>0x5348</load_address>
         <run_address>0x5348</run_address>
         <size>0x25d</size>
         <input_file_ref idref="fl-c"/>
      </object_component>
      <object_component id="oc-19e">
         <name>.debug_info</name>
         <load_address>0x55a5</load_address>
         <run_address>0x55a5</run_address>
         <size>0x10c</size>
         <input_file_ref idref="fl-c"/>
      </object_component>
      <object_component id="oc-105">
         <name>.debug_info</name>
         <load_address>0x56b1</load_address>
         <run_address>0x56b1</run_address>
         <size>0x273</size>
         <input_file_ref idref="fl-c"/>
      </object_component>
      <object_component id="oc-327">
         <name>.debug_info</name>
         <load_address>0x5924</load_address>
         <run_address>0x5924</run_address>
         <size>0x136</size>
         <input_file_ref idref="fl-d"/>
      </object_component>
      <object_component id="oc-28a">
         <name>.debug_info</name>
         <load_address>0x5a5a</load_address>
         <run_address>0x5a5a</run_address>
         <size>0x11d</size>
         <input_file_ref idref="fl-d"/>
      </object_component>
      <object_component id="oc-2d4">
         <name>.debug_info</name>
         <load_address>0x5b77</load_address>
         <run_address>0x5b77</run_address>
         <size>0x13b</size>
         <input_file_ref idref="fl-d"/>
      </object_component>
      <object_component id="oc-42c">
         <name>.debug_info</name>
         <load_address>0x5cb2</load_address>
         <run_address>0x5cb2</run_address>
         <size>0x10d</size>
         <input_file_ref idref="fl-42"/>
      </object_component>
      <object_component id="oc-3e7">
         <name>.debug_info</name>
         <load_address>0x5dbf</load_address>
         <run_address>0x5dbf</run_address>
         <size>0x20e</size>
         <input_file_ref idref="fl-43"/>
      </object_component>
      <object_component id="oc-355">
         <name>.debug_info</name>
         <load_address>0x5fcd</load_address>
         <run_address>0x5fcd</run_address>
         <size>0x20a</size>
         <input_file_ref idref="fl-43"/>
      </object_component>
      <object_component id="oc-24d">
         <name>.debug_info</name>
         <load_address>0x61d7</load_address>
         <run_address>0x61d7</run_address>
         <size>0x94</size>
         <input_file_ref idref="fl-43"/>
      </object_component>
      <object_component id="oc-427">
         <name>.debug_info</name>
         <load_address>0x626b</load_address>
         <run_address>0x626b</run_address>
         <size>0xff</size>
         <input_file_ref idref="fl-44"/>
      </object_component>
      <object_component id="oc-d0">
         <name>.debug_info</name>
         <load_address>0x636a</load_address>
         <run_address>0x636a</run_address>
         <size>0xd8</size>
         <input_file_ref idref="fl-45"/>
      </object_component>
      <object_component id="oc-ad">
         <name>.debug_info</name>
         <load_address>0x6442</load_address>
         <run_address>0x6442</run_address>
         <size>0x179</size>
         <input_file_ref idref="fl-46"/>
      </object_component>
      <object_component id="oc-df">
         <name>.debug_info</name>
         <load_address>0x65bb</load_address>
         <run_address>0x65bb</run_address>
         <size>0x1a9</size>
         <input_file_ref idref="fl-47"/>
      </object_component>
      <object_component id="oc-6d">
         <name>.debug_info</name>
         <load_address>0x6764</load_address>
         <run_address>0x6764</run_address>
         <size>0x1ab</size>
         <input_file_ref idref="fl-47"/>
      </object_component>
      <object_component id="oc-da">
         <name>.debug_info</name>
         <load_address>0x690f</load_address>
         <run_address>0x690f</run_address>
         <size>0x46</size>
         <input_file_ref idref="fl-47"/>
      </object_component>
      <object_component id="oc-15b">
         <name>.debug_info</name>
         <load_address>0x6955</load_address>
         <run_address>0x6955</run_address>
         <size>0x2c</size>
         <input_file_ref idref="fl-47"/>
      </object_component>
      <object_component id="oc-e7">
         <name>.debug_info</name>
         <load_address>0x6981</load_address>
         <run_address>0x6981</run_address>
         <size>0x166</size>
         <input_file_ref idref="fl-48"/>
      </object_component>
      <object_component id="oc-e2">
         <name>.debug_info</name>
         <load_address>0x6ae7</load_address>
         <run_address>0x6ae7</run_address>
         <size>0x21d</size>
         <input_file_ref idref="fl-48"/>
      </object_component>
      <object_component id="oc-73">
         <name>.debug_info</name>
         <load_address>0x6d04</load_address>
         <run_address>0x6d04</run_address>
         <size>0x194</size>
         <input_file_ref idref="fl-48"/>
      </object_component>
      <object_component id="oc-e8">
         <name>.debug_info</name>
         <load_address>0x6e98</load_address>
         <run_address>0x6e98</run_address>
         <size>0x39</size>
         <input_file_ref idref="fl-48"/>
      </object_component>
      <object_component id="oc-116">
         <name>.debug_info</name>
         <load_address>0x6ed1</load_address>
[...]
      </symbol>
      <symbol id="sm-59d">
         <name>R1_Forward</name>
         <value>0x1299c</value>
         <object_component_ref idref="oc-390"/>
      </symbol>
      <symbol id="sm-59e">
         <name>L1_Stop</name>
         <value>0x12988</value>
         <object_component_ref idref="oc-21e"/>
      </symbol>
      <symbol id="sm-59f">
         <name>L2_Stop</name>
         <value>0x12940</value>
         <object_component_ref idref="oc-224"/>
      </symbol>
      <symbol id="sm-5a0">
         <name>second</name>
         <value>0x25dc</value>
         <object_component_ref idref="oc-174"/>
      </symbol>
      <symbol id="sm-5a1">
         <name>SetMotorSpeed</name>
         <value>0x11a40</value>
         <object_component_ref idref="oc-2cc"/>
      </symbol>
      <symbol id="sm-5a2">
         <name>L1_Backward</name>
         <value>0x12974</value>
         <object_component_ref idref="oc-378"/>
      </symbol>
      <symbol id="sm-5be">
         <name>__TI_int54</name>
         <value>0xffec</value>
         <object_component_ref idref="oc-84"/>
      </symbol>
      <symbol id="sm-5bf">
         <name>adc12_ISR_hook</name>
         <value>0x4400</value>
         <object_component_ref idref="oc-104"/>
      </symbol>
      <symbol id="sm-5c0">
         <name>start_adc12</name>
         <value>0x12a04</value>
         <object_component_ref idref="oc-19d"/>
      </symbol>
      <symbol id="sm-5e0">
         <name>CLK_Init</name>
         <value>0x11c98</value>
         <object_component_ref idref="oc-288"/>
      </symbol>
      <symbol id="sm-5e1">
         <name>Mydelayms</name>
         <value>0x1280a</value>
         <object_component_ref idref="oc-2d2"/>
      </symbol>
      <symbol id="sm-5e2">
         <name>SetVcoreUp</name>
         <value>0x121da</value>
         <object_component_ref idref="oc-325"/>
      </symbol>
      <symbol id="sm-5ec">
         <name>abs</name>
         <value>0x129ce</value>
         <object_component_ref idref="oc-42b"/>
      </symbol>
      <symbol id="sm-613">
         <name>__mspabi_addd</name>
         <value>0x10736</value>
         <object_component_ref idref="oc-354"/>
      </symbol>
      <symbol id="sm-61c">
         <name>__mspabi_srai</name>
         <value>0x129d8</value>
         <object_component_ref idref="oc-426"/>
      </symbol>
      <symbol id="sm-625">
         <name>_stack</name>
         <value>0x4360</value>
         <object_component_ref idref="oc-cf"/>
      </symbol>
      <symbol id="sm-626">
         <name>_reset_vector</name>
         <value>0xfffe</value>
         <object_component_ref idref="oc-d2"/>
      </symbol>
      <symbol id="sm-631">
         <name>_c_int00_noargs_noexit</name>
         <value>0x4612</value>
         <object_component_ref idref="oc-ab"/>
      </symbol>
      <symbol id="sm-647">
         <name>__TI_decompress_none</name>
         <value>0x128e2</value>
         <object_component_ref idref="oc-6b"/>
      </symbol>
      <symbol id="sm-669">
         <name>__TI_decompress_rle24</name>
         <value>0x129fe</value>
         <object_component_ref idref="oc-71"/>
      </symbol>
      <symbol id="sm-67c">
         <name>__TI_zero_init</name>
         <value>0x12702</value>
         <object_component_ref idref="oc-8d"/>
      </symbol>
      <symbol id="sm-68f">
         <name>__mspabi_cvtdf</name>
         <value>0x11c0c</value>
         <object_component_ref idref="oc-1b9"/>
      </symbol>
      <symbol id="sm-69b">
         <name>__mspabi_remi</name>
         <value>0x1268a</value>
         <object_component_ref idref="oc-347"/>
      </symbol>
      <symbol id="sm-69c">
         <name>__mspabi_divi</name>
         <value>0x1268a</value>
         <object_component_ref idref="oc-347"/>
      </symbol>
      <symbol id="sm-6a6">
         <name>__mspabi_remu</name>
         <value>0x12854</value>
         <object_component_ref idref="oc-210"/>
      </symbol>
      <symbol id="sm-6a7">
         <name>__mspabi_divu</name>
         <value>0x12854</value>
         <object_component_ref idref="oc-210"/>
      </symbol>
      <symbol id="sm-6b4">
         <name>__mspabi_remli</name>
         <value>0x12388</value>
         <object_component_ref idref="oc-208"/>
      </symbol>
      <symbol id="sm-6b5">
         <name>__mspabi_divli</name>
         <value>0x12388</value>
         <object_component_ref idref="oc-208"/>
      </symbol>
      <symbol id="sm-6c4">
         <name>__mspabi_remul</name>
         <value>0x12182</value>
         <object_component_ref idref="oc-2fb"/>
      </symbol>
      <symbol id="sm-6c5">
         <name>__mspabi_divul</name>
         <value>0x12182</value>
         <object_component_ref idref="oc-2fb"/>
      </symbol>
      <symbol id="sm-6e6">
         <name>__mspabi_divd</name>
         <value>0x11148</value>
         <object_component_ref idref="oc-1b3"/>
      </symbol>
      <symbol id="sm-6f1">
         <name>C$$EXIT</name>
         <value>0x12a0e</value>
         <object_component_ref idref="oc-13f"/>
      </symbol>
      <symbol id="sm-6f2">
         <name>abort</name>
         <value>0x12a0e</value>
         <object_component_ref idref="oc-13f"/>
      </symbol>
      <symbol id="sm-6ff">
         <name>__mspabi_fixdi</name>
         <value>0x126b6</value>
         <object_component_ref idref="oc-35a"/>
      </symbol>
      <symbol id="sm-70e">
         <name>__mspabi_fixdli</name>
         <value>0x11ffe</value>
         <object_component_ref idref="oc-3e8"/>
      </symbol>
      <symbol id="sm-717">
         <name>__mspabi_fltid</name>
         <value>0x12968</value>
         <object_component_ref idref="oc-34e"/>
      </symbol>
      <symbol id="sm-72f">
         <name>__mspabi_fltlid</name>
         <value>0x11aea</value>
         <object_component_ref idref="oc-1a7"/>
      </symbol>
      <symbol id="sm-750">
         <name>__TI_frcaddd</name>
         <value>0x10ef6</value>
         <object_component_ref idref="oc-3e0"/>
      </symbol>
      <symbol id="sm-76b">
         <name>__TI_frcdivd</name>
         <value>0x10000</value>
         <object_component_ref idref="oc-25a"/>
      </symbol>
      <symbol id="sm-790">
         <name>__mspabi_subf</name>
         <value>0x115d8</value>
         <object_component_ref idref="oc-18d"/>
      </symbol>
      <symbol id="sm-791">
         <name>__mspabi_addf</name>
         <value>0x115de</value>
         <object_component_ref idref="oc-18d"/>
      </symbol>
      <symbol id="sm-7b7">
         <name>__mspabi_divf</name>
         <value>0x11b7e</value>
         <object_component_ref idref="oc-197"/>
      </symbol>
      <symbol id="sm-7ca">
         <name>__mspabi_fltif</name>
         <value>0x1256c</value>
         <object_component_ref idref="oc-188"/>
      </symbol>
      <symbol id="sm-7f4">
         <name>__mspabi_fixfi</name>
         <value>0x11f30</value>
         <object_component_ref idref="oc-192"/>
      </symbol>
      <symbol id="sm-804">
         <name>__mspabi_fltuf</name>
         <value>0x12726</value>
         <object_component_ref idref="oc-17f"/>
      </symbol>
      <symbol id="sm-807">
         <name>__TI_int41</name>
         <value>0xffd2</value>
         <object_component_ref idref="oc-77"/>
      </symbol>
      <symbol id="sm-80a">
         <name>__TI_int42</name>
         <value>0xffd4</value>
         <object_component_ref idref="oc-78"/>
      </symbol>
      <symbol id="sm-80d">
         <name>__TI_int44</name>
         <value>0xffd8</value>
         <object_component_ref idref="oc-7a"/>
      </symbol>
      <symbol id="sm-810">
         <name>__TI_int45</name>
         <value>0xffda</value>
         <object_component_ref idref="oc-7b"/>
      </symbol>
      <symbol id="sm-813">
         <name>__TI_int46</name>
         <value>0xffdc</value>
         <object_component_ref idref="oc-7c"/>
      </symbol>
      <symbol id="sm-816">
         <name>__TI_int47</name>
         <value>0xffde</value>
         <object_component_ref idref="oc-7d"/>
      </symbol>
      <symbol id="sm-819">
         <name>__TI_int49</name>
         <value>0xffe2</value>
         <object_component_ref idref="oc-7f"/>
      </symbol>
      <symbol id="sm-81c">
         <name>__TI_int50</name>
         <value>0xffe4</value>
         <object_component_ref idref="oc-80"/>
      </symbol>
      <symbol id="sm-81f">
         <name>__TI_int51</name>
         <value>0xffe6</value>
         <object_component_ref idref="oc-81"/>
      </symbol>
      <symbol id="sm-822">
         <name>__TI_int53</name>
         <value>0xffea</value>
         <object_component_ref idref="oc-83"/>
      </symbol>
      <symbol id="sm-825">
         <name>__TI_int55</name>
         <value>0xffee</value>
         <object_component_ref idref="oc-85"/>
      </symbol>
      <symbol id="sm-828">
         <name>__TI_int56</name>
         <value>0xfff0</value>
         <object_component_ref idref="oc-86"/>
      </symbol>
      <symbol id="sm-82b">
         <name>__TI_int57</name>
         <value>0xfff2</value>
         <object_component_ref idref="oc-87"/>
      </symbol>
      <symbol id="sm-82e">
         <name>__TI_int59</name>
         <value>0xfff6</value>
         <object_component_ref idref="oc-89"/>
      </symbol>
      <symbol id="sm-831">
         <name>__TI_int60</name>
         <value>0xfff8</value>
         <object_component_ref idref="oc-8a"/>
      </symbol>
      <symbol id="sm-834">
         <name>__TI_int61</name>
         <value>0xfffa</value>
         <object_component_ref idref="oc-8b"/>
      </symbol>
      <symbol id="sm-837">
         <name>__TI_int62</name>
         <value>0xfffc</value>
         <object_component_ref idref="oc-8c"/>
      </symbol>
      <symbol id="sm-83f">
         <name>__TI_ISR_TRAP</name>
         <value>0x462c</value>
         <object_component_ref idref="oc-ed"/>
      </symbol>
      <symbol id="sm-84f">
         <name>__mspabi_slll_9</name>
         <value>0x1249a</value>
         <object_component_ref idref="oc-241"/>
      </symbol>
      <symbol id="sm-850">
         <name>__mspabi_slll_8</name>
         <value>0x1249e</value>
         <object_component_ref idref="oc-241"/>
      </symbol>
      <symbol id="sm-851">
         <name>__mspabi_slll_7</name>
         <value>0x124a2</value>
         <object_component_ref idref="oc-241"/>
      </symbol>
      <symbol id="sm-852">
         <name>__mspabi_slll_6</name>
         <value>0x124a6</value>
         <object_component_ref idref="oc-241"/>
      </symbol>
      <symbol id="sm-853">
         <name>__mspabi_slll_5</name>
         <value>0x124aa</value>
         <object_component_ref idref="oc-241"/>
      </symbol>
      <symbol id="sm-854">
         <name>__mspabi_slll_4</name>
         <value>0x124ae</value>
         <object_component_ref idref="oc-241"/>
      </symbol>
      <symbol id="sm-855">
         <name>__mspabi_slll_3</name>
         <value>0x124b2</value>
         <object_component_ref idref="oc-241"/>
      </symbol>
      <symbol id="sm-856">
         <name>__mspabi_slll_2</name>
         <value>0x124b6</value>
         <object_component_ref idref="oc-241"/>
      </symbol>
      <symbol id="sm-857">
         <name>__mspabi_slll_1</name>
         <value>0x124ba</value>
         <object_component_ref idref="oc-241"/>
      </symbol>
      <symbol id="sm-858">
         <name>__mspabi_slll</name>
         <value>0x12904</value>
         <object_component_ref idref="oc-438"/>
      </symbol>
      <symbol id="sm-859">
         <name>__mspabi_slll_15</name>
         <value>0x12482</value>
         <object_component_ref idref="oc-241"/>
      </symbol>
      <symbol id="sm-85a">
         <name>__mspabi_slll_14</name>
         <value>0x12486</value>
         <object_component_ref idref="oc-241"/>
      </symbol>
      <symbol id="sm-85b">
         <name>__mspabi_slll_13</name>
         <value>0x1248a</value>
         <object_component_ref idref="oc-241"/>
      </symbol>
      <symbol id="sm-85c">
         <name>__mspabi_slll_12</name>
         <value>0x1248e</value>
         <object_component_ref idref="oc-241"/>
      </symbol>
      <symbol id="sm-85d">
         <name>__mspabi_slll_11</name>
         <value>0x12492</value>
         <object_component_ref idref="oc-241"/>
      </symbol>
      <symbol id="sm-85e">
         <name>__mspabi_slll_10</name>
         <value>0x12496</value>
         <object_component_ref idref="oc-241"/>
      </symbol>
      <symbol id="sm-86e">
         <name>__mspabi_srll_8</name>
         <value>0x124dc</value>
         <object_component_ref idref="oc-246"/>
      </symbol>
      <symbol id="sm-86f">
         <name>__mspabi_srll_9</name>
         <value>0x124d8</value>
         <object_component_ref idref="oc-246"/>
      </symbol>
      <symbol id="sm-870">
         <name>__mspabi_srll_6</name>
         <value>0x124e4</value>
         <object_component_ref idref="oc-246"/>
      </symbol>
      <symbol id="sm-871">
         <name>__mspabi_srll_7</name>
         <value>0x124e0</value>
         <object_component_ref idref="oc-246"/>
      </symbol>
      <symbol id="sm-872">
         <name>__mspabi_srll_4</name>
         <value>0x124ec</value>
         <object_component_ref idref="oc-246"/>
      </symbol>
      <symbol id="sm-873">
         <name>__mspabi_srll_5</name>
         <value>0x124e8</value>
         <object_component_ref idref="oc-246"/>
      </symbol>
      <symbol id="sm-874">
         <name>__mspabi_srll_2</name>
         <value>0x124f4</value>
         <object_component_ref idref="oc-246"/>
      </symbol>
      <symbol id="sm-875">
         <name>__mspabi_srll_3</name>
         <value>0x124f0</value>
         <object_component_ref idref="oc-246"/>
      </symbol>
      <symbol id="sm-876">
         <name>__mspabi_srll_1</name>
         <value>0x124f8</value>
         <object_component_ref idref="oc-246"/>
      </symbol>
      <symbol id="sm-877">
         <name>__mspabi_srll_15</name>
         <value>0x124c0</value>
         <object_component_ref idref="oc-246"/>
      </symbol>
      <symbol id="sm-878">
         <name>__mspabi_srll_14</name>
         <value>0x124c4</value>
         <object_component_ref idref="oc-246"/>
      </symbol>
      <symbol id="sm-879">
         <name>__mspabi_srll_13</name>
         <value>0x124c8</value>
         <object_component_ref idref="oc-246"/>
      </symbol>
      <symbol id="sm-87a">
         <name>__mspabi_srll_12</name>
         <value>0x124cc</value>
         <object_component_ref idref="oc-246"/>
      </symbol>
      <symbol id="sm-87b">
         <name>__mspabi_srll_11</name>
         <value>0x124d0</value>
         <object_component_ref idref="oc-246"/>
      </symbol>
      <symbol id="sm-87c">
         <name>__mspabi_srll_10</name>
         <value>0x124d4</value>
         <object_component_ref idref="oc-246"/>
      </symbol>
      <symbol id="sm-87d">
         <name>__mspabi_srll</name>
         <value>0x12914</value>
         <object_component_ref idref="oc-43d"/>
      </symbol>
      <symbol id="sm-88b">
         <name>memcpy</name>
         <value>0x128bc</value>
         <object_component_ref idref="oc-d3"/>
      </symbol>
      <symbol id="sm-8ac">
         <name>__mspabi_mpyd</name>
         <value>0x10a0e</value>
         <object_component_ref idref="oc-1ad"/>
      </symbol>
      <symbol id="sm-8c2">
         <name>__mspabi_mpyi_f5hw</name>
         <value>0x1286a</value>
         <object_component_ref idref="oc-315"/>
      </symbol>
      <symbol id="sm-8e4">
         <name>__mspabi_mpyl_f5hw</name>
         <value>0x1274a</value>
         <object_component_ref idref="oc-203"/>
      </symbol>
      <symbol id="sm-8fa">
         <name>_system_pre_init</name>
         <value>0x12a0a</value>
         <object_component_ref idref="oc-117"/>
      </symbol>
      <symbol id="sm-90e">
         <name>__TI_renormd</name>
         <value>0x118de</value>
         <object_component_ref idref="oc-447"/>
      </symbol>
      <symbol id="sm-92f">
         <name>sprintf</name>
         <value>0x12304</value>
         <object_component_ref idref="oc-2f2"/>
      </symbol>
      <symbol id="sm-93c">
         <name>strlen</name>
         <value>0x1294e</value>
         <object_component_ref idref="oc-3fd"/>
      </symbol>
      <symbol id="sm-9a5">
         <name>__TI_printfi_minimal</name>
         <value>0x1180c</value>
         <object_component_ref idref="oc-3ba"/>
      </symbol>
      <symbol id="sm-9b7">
         <name>__mspabi_sral</name>
         <value>0x128f4</value>
         <object_component_ref idref="oc-442"/>
      </symbol>
      <symbol id="sm-9b8">
         <name>__mspabi_sral_15</name>
         <value>0x12444</value>
         <object_component_ref idref="oc-30c"/>
      </symbol>
      <symbol id="sm-9b9">
         <name>__mspabi_sral_14</name>
         <value>0x12448</value>
         <object_component_ref idref="oc-30c"/>
      </symbol>
      <symbol id="sm-9ba">
         <name>__mspabi_sral_13</name>
         <value>0x1244c</value>
         <object_component_ref idref="oc-30c"/>
      </symbol>
      <symbol id="sm-9bb">
         <name>__mspabi_sral_12</name>
         <value>0x12450</value>
         <object_component_ref idref="oc-30c"/>
      </symbol>
      <symbol id="sm-9bc">
         <name>__mspabi_sral_11</name>
         <value>0x12454</value>
         <object_component_ref idref="oc-30c"/>
      </symbol>
      <symbol id="sm-9bd">
         <name>__mspabi_sral_10</name>
         <value>0x12458</value>
         <object_component_ref idref="oc-30c"/>
      </symbol>
      <symbol id="sm-9be">
         <name>__mspabi_sral_8</name>
         <value>0x12460</value>
         <object_component_ref idref="oc-30c"/>
      </symbol>
      <symbol id="sm-9bf">
         <name>__mspabi_sral_9</name>
         <value>0x1245c</value>
         <object_component_ref idref="oc-30c"/>
      </symbol>
      <symbol id="sm-9c0">
         <name>__mspabi_sral_6</name>
         <value>0x12468</value>
         <object_component_ref idref="oc-30c"/>
      </symbol>
      <symbol id="sm-9c1">
         <name>__mspabi_sral_7</name>
         <value>0x12464</value>
         <object_component_ref idref="oc-30c"/>
      </symbol>
      <symbol id="sm-9c2">
         <name>__mspabi_sral_4</name>
         <value>0x12470</value>
         <object_component_ref idref="oc-30c"/>
      </symbol>
      <symbol id="sm-9c3">
         <name>__mspabi_sral_5</name>
         <value>0x1246c</value>
         <object_component_ref idref="oc-30c"/>
      </symbol>
      <symbol id="sm-9c4">
         <name>__mspabi_sral_2</name>
         <value>0x12478</value>
         <object_component_ref idref="oc-30c"/>
      </symbol>
      <symbol id="sm-9c5">
         <name>__mspabi_sral_3</name>
         <value>0x12474</value>
         <object_component_ref idref="oc-30c"/>
      </symbol>
      <symbol id="sm-9c6">
         <name>__mspabi_sral_1</name>
         <value>0x1247c</value>
         <object_component_ref idref="oc-30c"/>
      </symbol>
      <symbol id="sm-9e2">
         <name>_auto_init_hold_wdt</name>
         <value>0x11df4</value>
         <object_component_ref idref="oc-11d"/>
      </symbol>
      <symbol id="sm-9f3">
         <name>__TI_frcmpyd</name>
         <value>0x10452</value>
         <object_component_ref idref="oc-252"/>
      </symbol>
      <symbol id="sm-a02">
         <name>memccpy</name>
         <value>0x127ec</value>
         <object_component_ref idref="oc-461"/>
      </symbol>
      <symbol id="sm-a10">
         <name>memset</name>
         <value>0x1283e</value>
         <object_component_ref idref="oc-454"/>
      </symbol>
      <symbol id="sm-a12">
         <name>__TI_INITARRAY_Base</name>
         <value>0x0</value>
      </symbol>
      <symbol id="sm-a13">
         <name>__TI_INITARRAY_Limit</name>
         <value>0x0</value>
      </symbol>
   </symbol_table>
   <title>Link successful</title>
</link_info>
